Archive member included to satisfy reference by file (symbol)

/home/kwarc/Downloads/1/plugins/fr.ac6.mcu.externaltools.arm-none.linux64_1.17.0.201812190825/tools/compiler/bin/../lib/gcc/arm-none-eabi/7.3.1/../../../../arm-none-eabi/lib/thumb/v7-m/libc.a(lib_a-errno.o)
                              src/syscalls.o (__errno)
/home/kwarc/Downloads/1/plugins/fr.ac6.mcu.externaltools.arm-none.linux64_1.17.0.201812190825/tools/compiler/bin/../lib/gcc/arm-none-eabi/7.3.1/../../../../arm-none-eabi/lib/thumb/v7-m/libc.a(lib_a-exit.o)
                              /home/kwarc/Downloads/1/plugins/fr.ac6.mcu.externaltools.arm-none.linux64_1.17.0.201812190825/tools/compiler/bin/../lib/gcc/arm-none-eabi/7.3.1/../../../../arm-none-eabi/lib/thumb/v7-m/crt0.o (exit)
/home/kwarc/Downloads/1/plugins/fr.ac6.mcu.externaltools.arm-none.linux64_1.17.0.201812190825/tools/compiler/bin/../lib/gcc/arm-none-eabi/7.3.1/../../../../arm-none-eabi/lib/thumb/v7-m/libc.a(lib_a-impure.o)
                              /home/kwarc/Downloads/1/plugins/fr.ac6.mcu.externaltools.arm-none.linux64_1.17.0.201812190825/tools/compiler/bin/../lib/gcc/arm-none-eabi/7.3.1/../../../../arm-none-eabi/lib/thumb/v7-m/libc.a(lib_a-exit.o) (_global_impure_ptr)
/home/kwarc/Downloads/1/plugins/fr.ac6.mcu.externaltools.arm-none.linux64_1.17.0.201812190825/tools/compiler/bin/../lib/gcc/arm-none-eabi/7.3.1/../../../../arm-none-eabi/lib/thumb/v7-m/libc.a(lib_a-init.o)
                              /home/kwarc/Downloads/1/plugins/fr.ac6.mcu.externaltools.arm-none.linux64_1.17.0.201812190825/tools/compiler/bin/../lib/gcc/arm-none-eabi/7.3.1/../../../../arm-none-eabi/lib/thumb/v7-m/crt0.o (__libc_init_array)
/home/kwarc/Downloads/1/plugins/fr.ac6.mcu.externaltools.arm-none.linux64_1.17.0.201812190825/tools/compiler/bin/../lib/gcc/arm-none-eabi/7.3.1/../../../../arm-none-eabi/lib/thumb/v7-m/libc.a(lib_a-memset.o)
                              /home/kwarc/Downloads/1/plugins/fr.ac6.mcu.externaltools.arm-none.linux64_1.17.0.201812190825/tools/compiler/bin/../lib/gcc/arm-none-eabi/7.3.1/../../../../arm-none-eabi/lib/thumb/v7-m/crt0.o (memset)
/home/kwarc/Downloads/1/plugins/fr.ac6.mcu.externaltools.arm-none.linux64_1.17.0.201812190825/tools/compiler/bin/../lib/gcc/arm-none-eabi/7.3.1/../../../../arm-none-eabi/lib/thumb/v7-m/libc.a(lib_a-sprintf.o)
                              src/main.o (sprintf)
/home/kwarc/Downloads/1/plugins/fr.ac6.mcu.externaltools.arm-none.linux64_1.17.0.201812190825/tools/compiler/bin/../lib/gcc/arm-none-eabi/7.3.1/../../../../arm-none-eabi/lib/thumb/v7-m/libc.a(lib_a-strlen-stub.o)
                              src/main.o (strlen)
/home/kwarc/Downloads/1/plugins/fr.ac6.mcu.externaltools.arm-none.linux64_1.17.0.201812190825/tools/compiler/bin/../lib/gcc/arm-none-eabi/7.3.1/../../../../arm-none-eabi/lib/thumb/v7-m/libc.a(lib_a-svfprintf.o)
                              /home/kwarc/Downloads/1/plugins/fr.ac6.mcu.externaltools.arm-none.linux64_1.17.0.201812190825/tools/compiler/bin/../lib/gcc/arm-none-eabi/7.3.1/../../../../arm-none-eabi/lib/thumb/v7-m/libc.a(lib_a-sprintf.o) (_svfprintf_r)
/home/kwarc/Downloads/1/plugins/fr.ac6.mcu.externaltools.arm-none.linux64_1.17.0.201812190825/tools/compiler/bin/../lib/gcc/arm-none-eabi/7.3.1/../../../../arm-none-eabi/lib/thumb/v7-m/libc.a(lib_a-__call_atexit.o)
                              /home/kwarc/Downloads/1/plugins/fr.ac6.mcu.externaltools.arm-none.linux64_1.17.0.201812190825/tools/compiler/bin/../lib/gcc/arm-none-eabi/7.3.1/../../../../arm-none-eabi/lib/thumb/v7-m/libc.a(lib_a-exit.o) (__call_exitprocs)
/home/kwarc/Downloads/1/plugins/fr.ac6.mcu.externaltools.arm-none.linux64_1.17.0.201812190825/tools/compiler/bin/../lib/gcc/arm-none-eabi/7.3.1/../../../../arm-none-eabi/lib/thumb/v7-m/libc.a(lib_a-atexit.o)
                              /home/kwarc/Downloads/1/plugins/fr.ac6.mcu.externaltools.arm-none.linux64_1.17.0.201812190825/tools/compiler/bin/../lib/gcc/arm-none-eabi/7.3.1/../../../../arm-none-eabi/lib/thumb/v7-m/libc.a(lib_a-__call_atexit.o) (atexit)
/home/kwarc/Downloads/1/plugins/fr.ac6.mcu.externaltools.arm-none.linux64_1.17.0.201812190825/tools/compiler/bin/../lib/gcc/arm-none-eabi/7.3.1/../../../../arm-none-eabi/lib/thumb/v7-m/libc.a(lib_a-dtoa.o)
                              /home/kwarc/Downloads/1/plugins/fr.ac6.mcu.externaltools.arm-none.linux64_1.17.0.201812190825/tools/compiler/bin/../lib/gcc/arm-none-eabi/7.3.1/../../../../arm-none-eabi/lib/thumb/v7-m/libc.a(lib_a-svfprintf.o) (_dtoa_r)
/home/kwarc/Downloads/1/plugins/fr.ac6.mcu.externaltools.arm-none.linux64_1.17.0.201812190825/tools/compiler/bin/../lib/gcc/arm-none-eabi/7.3.1/../../../../arm-none-eabi/lib/thumb/v7-m/libc.a(lib_a-fini.o)
                              /home/kwarc/Downloads/1/plugins/fr.ac6.mcu.externaltools.arm-none.linux64_1.17.0.201812190825/tools/compiler/bin/../lib/gcc/arm-none-eabi/7.3.1/../../../../arm-none-eabi/lib/thumb/v7-m/libc.a(lib_a-__call_atexit.o) (__libc_fini_array)
[...]
Memory Configuration

Name             Origin             Length             Attributes
FLASH            0x0000000008000000 0x0000000000020000 xr
RAM              0x0000000020000000 0x0000000000005000 xrw
*default*        0x0000000000000000 0xffffffffffffffff

Linker script and memory map

LOAD /home/kwarc/Downloads/1/plugins/fr.ac6.mcu.externaltools.arm-none.linux64_1.17.0.201812190825/tools/compiler/bin/../lib/gcc/arm-none-eabi/7.3.1/thumb/v7-m/crti.o
LOAD /home/kwarc/Downloads/1/plugins/fr.ac6.mcu.externaltools.arm-none.linux64_1.17.0.201812190825/tools/compiler/bin/../lib/gcc/arm-none-eabi/7.3.1/thumb/v7-m/crtbegin.o
LOAD /home/kwarc/Downloads/1/plugins/fr.ac6.mcu.externaltools.arm-none.linux64_1.17.0.201812190825/tools/compiler/bin/../lib/gcc/arm-none-eabi/7.3.1/../../../../arm-none-eabi/lib/thumb/v7-m/crt0.o
LOAD HAL_Driver/Src/stm32f1xx_hal.o
LOAD HAL_Driver/Src/stm32f1xx_hal_adc.o
LOAD HAL_Driver/Src/stm32f1xx_hal_adc_ex.o
LOAD HAL_Driver/Src/stm32f1xx_hal_cec.o
LOAD HAL_Driver/Src/stm32f1xx_hal_cortex.o
LOAD HAL_Driver/Src/stm32f1xx_hal_crc.o
LOAD HAL_Driver/Src/stm32f1xx_hal_dac.o
LOAD HAL_Driver/Src/stm32f1xx_hal_dac_ex.o
LOAD HAL_Driver/Src/stm32f1xx_hal_dma.o
LOAD HAL_Driver/Src/stm32f1xx_hal_eth.o
LOAD HAL_Driver/Src/stm32f1xx_hal_flash.o
LOAD HAL_Driver/Src/stm32f1xx_hal_flash_ex.o
LOAD HAL_Driver/Src/stm32f1xx_hal_gpio.o
LOAD HAL_Driver/Src/stm32f1xx_hal_gpio_ex.o
LOAD HAL_Driver/Src/stm32f1xx_hal_hcd.o
LOAD HAL_Driver/Src/stm32f1xx_hal_i2c.o
LOAD HAL_Driver/Src/stm32f1xx_hal_i2s.o
LOAD HAL_Driver/Src/stm32f1xx_hal_irda.o
LOAD HAL_Driver/Src/stm32f1xx_hal_iwdg.o
LOAD HAL_Driver/Src/stm32f1xx_hal_mmc.o
LOAD HAL_Driver/Src/stm32f1xx_hal_msp_template.o
LOAD HAL_Driver/Src/stm32f1xx_hal_nand.o
LOAD HAL_Driver/Src/stm32f1xx_hal_nor.o
LOAD HAL_Driver/Src/stm32f1xx_hal_pccard.o
LOAD HAL_Driver/Src/stm32f1xx_hal_pcd.o
LOAD HAL_Driver/Src/stm32f1xx_hal_pcd_ex.o
LOAD HAL_Driver/Src/stm32f1xx_hal_pwr.o
LOAD HAL_Driver/Src/stm32f1xx_hal_rcc.o
LOAD HAL_Driver/Src/stm32f1xx_hal_rcc_ex.o
LOAD HAL_Driver/Src/stm32f1xx_hal_rtc.o
LOAD HAL_Driver/Src/stm32f1xx_hal_rtc_ex.o
LOAD HAL_Driver/Src/stm32f1xx_hal_sd.o
LOAD HAL_Driver/Src/stm32f1xx_hal_smartcard.o
LOAD HAL_Driver/Src/stm32f1xx_hal_spi.o
LOAD HAL_Driver/Src/stm32f1xx_hal_spi_ex.o
LOAD HAL_Driver/Src/stm32f1xx_hal_sram.o
LOAD HAL_Driver/Src/stm32f1xx_hal_tim.o
LOAD HAL_Driver/Src/stm32f1xx_hal_tim_ex.o
LOAD HAL_Driver/Src/stm32f1xx_hal_uart.o
LOAD HAL_Driver/Src/stm32f1xx_hal_usart.o
LOAD HAL_Driver/Src/stm32f1xx_hal_wwdg.o
LOAD HAL_Driver/Src/stm32f1xx_ll_adc.o
LOAD HAL_Driver/Src/stm32f1xx_ll_crc.o
LOAD HAL_Driver/Src/stm32f1xx_ll_dac.o
LOAD HAL_Driver/Src/stm32f1xx_ll_dma.o
LOAD HAL_Driver/Src/stm32f1xx_ll_exti.o
LOAD HAL_Driver/Src/stm32f1xx_ll_fsmc.o
LOAD HAL_Driver/Src/stm32f1xx_ll_gpio.o
LOAD HAL_Driver/Src/stm32f1xx_ll_i2c.o
LOAD HAL_Driver/Src/stm32f1xx_ll_pwr.o
LOAD HAL_Driver/Src/stm32f1xx_ll_rcc.o
LOAD HAL_Driver/Src/stm32f1xx_ll_rtc.o
LOAD HAL_Driver/Src/stm32f1xx_ll_sdmmc.o
LOAD HAL_Driver/Src/stm32f1xx_ll_spi.o
LOAD HAL_Driver/Src/stm32f1xx_ll_tim.o
LOAD HAL_Driver/Src/stm32f1xx_ll_usart.o
LOAD HAL_Driver/Src/stm32f1xx_ll_usb.o
LOAD HAL_Driver/Src/stm32f1xx_ll_utils.o
LOAD src/main.o
LOAD src/stm32f1xx_it.o
LOAD src/syscalls.o
LOAD src/system_stm32f1xx.o
LOAD startup/startup_stm32f103xb.o
LOAD /home/kwarc/Downloads/1/plugins/fr.ac6.mcu.externaltools.arm-none.linux64_1.17.0.201812190825/tools/compiler/bin/../lib/gcc/arm-none-eabi/7.3.1/../../../../arm-none-eabi/lib/thumb/v7-m/libm.a
START GROUP
LOAD /home/kwarc/Downloads/1/plugins/fr.ac6.mcu.externaltools.arm-none.linux64_1.17.0.201812190825/tools/compiler/bin/../lib/gcc/arm-none-eabi/7.3.1/thumb/v7-m/libgcc.a
LOAD /home/kwarc/Downloads/1/plugins/fr.ac6.mcu.externaltools.arm-none.linux64_1.17.0.201812190825/tools/compiler/bin/../lib/gcc/arm-none-eabi/7.3.1/../../../../arm-none-eabi/lib/thumb/v7-m/libc.a
END GROUP
LOAD /home/kwarc/Downloads/1/plugins/fr.ac6.mcu.externaltools.arm-none.linux64_1.17.0.201812190825/tools/compiler/bin/../lib/gcc/arm-none-eabi/7.3.1/thumb/v7-m/crtend.o
LOAD /home/kwarc/Downloads/1/plugins/fr.ac6.mcu.externaltools.arm-none.linux64_1.17.0.201812190825/tools/compiler/bin/../lib/gcc/arm-none-eabi/7.3.1/thumb/v7-m/crtn.o
                0x0000000020005000                _estack = 0x20005000
                0x0000000000000200                _Min_Heap_Size = 0x200
                0x0000000000000400                _Min_Stack_Size = 0x400

.isr_vector     0x0000000008000000      0x10c
                0x0000000008000000                . = ALIGN (0x4)
 *(.isr_vector)
 .isr_vector    0x0000000008000000      0x10c startup/startup_stm32f103xb.o
                0x0000000008000000                g_pfnVectors
                0x000000000800010c                . = ALIGN (0x4)

.text           0x0000000008000110     0x63d8
                0x0000000008000110                . = ALIGN (0x4)
 *(.text)
 .text          0x0000000008000110       0x40 /home/kwarc/Downloads/1/plugins/fr.ac6.mcu.externaltools.arm-none.linux64_1.17.0.201812190825/tools/compiler/bin/../lib/gcc/arm-none-eabi/7.3.1/thumb/v7-m/crtbegin.o
 .text          0x0000000008000150       0xec /home/kwarc/Downloads/1/plugins/fr.ac6.mcu.externaltools.arm-none.linux64_1.17.0.201812190825/tools/compiler/bin/../lib/gcc/arm-none-eabi/7.3.1/../../../../arm-none-eabi/lib/thumb/v7-m/libc.a(lib_a-memcpy.o)
                0x0000000008000150                memcpy
 .text          0x000000000800023c      0x378 /home/kwarc/Downloads/1/plugins/fr.ac6.mcu.externaltools.arm-none.linux64_1.17.0.201812190825/tools/compiler/bin/../lib/gcc/arm-none-eabi/7.3.1/thumb/v7-m/libgcc.a(_arm_addsubdf3.o)
                0x000000000800023c                __aeabi_drsub
                0x0000000008000244                __aeabi_dsub
                0x0000000008000244                __subdf3
                0x0000000008000248                __adddf3
                0x0000000008000248                __aeabi_dadd
                0x00000000080004c0                __aeabi_ui2d
                0x00000000080004c0                __floatunsidf
                0x00000000080004e0                __floatsidf
                0x00000000080004e0                __aeabi_i2d
                0x0000000008000504                __extendsfdf2
                0x0000000008000504                __aeabi_f2d
                0x0000000008000548                __aeabi_ul2d
                0x0000000008000548                __floatundidf
                0x0000000008000558                __floatdidf
                0x0000000008000558                __aeabi_l2d
 .text          0x00000000080005b4      0x424 /home/kwarc/Downloads/1/plugins/fr.ac6.mcu.externaltools.arm-none.linux64_1.17.0.201812190825/tools/compiler/bin/../lib/gcc/arm-none-eabi/7.3.1/thumb/v7-m/libgcc.a(_arm_muldivdf3.o)
                0x00000000080005b4                __aeabi_dmul
                0x00000000080005b4                __muldf3
                0x0000000008000808                __aeabi_ddiv
                0x0000000008000808                __divdf3
 .text          0x00000000080009d8      0x110 /home/kwarc/Downloads/1/plugins/fr.ac6.mcu.externaltools.arm-none.linux64_1.17.0.201812190825/tools/compiler/bin/../lib/gcc/arm-none-eabi/7.3.1/thumb/v7-m/libgcc.a(_arm_cmpdf2.o)
                0x00000000080009d8                __gtdf2
                0x00000000080009d8                __gedf2
                0x00000000080009e0                __ltdf2
                0x00000000080009e0                __ledf2
                0x00000000080009e8                __cmpdf2
                0x00000000080009e8                __eqdf2
                0x00000000080009e8                __nedf2
                0x0000000008000a64                __aeabi_cdrcmple
                0x0000000008000a74                __aeabi_cdcmple
                0x0000000008000a74                __aeabi_cdcmpeq
                0x0000000008000a84                __aeabi_dcmpeq
                0x0000000008000a98                __aeabi_dcmplt
                0x0000000008000aac                __aeabi_dcmple
                0x0000000008000ac0                __aeabi_dcmpge
                0x0000000008000ad4                __aeabi_dcmpgt
 .text          0x0000000008000ae8       0x2c /home/kwarc/Downloads/1/plugins/fr.ac6.mcu.externaltools.arm-none.linux64_1.17.0.201812190825/tools/compiler/bin/../lib/gcc/arm-none-eabi/7.3.1/thumb/v7-m/libgcc.a(_arm_unorddf2.o)
                0x0000000008000ae8                __aeabi_dcmpun
                0x0000000008000ae8                __unorddf2
 .text          0x0000000008000b14       0x50 /home/kwarc/Downloads/1/plugins/fr.ac6.mcu.externaltools.arm-none.linux64_1.17.0.201812190825/tools/compiler/bin/../lib/gcc/arm-none-eabi/7.3.1/thumb/v7-m/libgcc.a(_arm_fixdfsi.o)
                0x0000000008000b14                __fixdfsi
                0x0000000008000b14                __aeabi_d2iz
 .text          0x0000000008000b64       0x30 /home/kwarc/Downloads/1/plugins/fr.ac6.mcu.externaltools.arm-none.linux64_1.17.0.201812190825/tools/compiler/bin/../lib/gcc/arm-none-eabi/7.3.1/thumb/v7-m/libgcc.a(_aeabi_uldivmod.o)
                0x0000000008000b64                __aeabi_uldivmod
 .text          0x0000000008000b94      0x2d0 /home/kwarc/Downloads/1/plugins/fr.ac6.mcu.externaltools.arm-none.linux64_1.17.0.201812190825/tools/compiler/bin/../lib/gcc/arm-none-eabi/7.3.1/thumb/v7-m/libgcc.a(_udivmoddi4.o)
                0x0000000008000b94                __udivmoddi4
 .text          0x0000000008000e64        0x4 /home/kwarc/Downloads/1/plugins/fr.ac6.mcu.externaltools.arm-none.linux64_1.17.0.201812190825/tools/compiler/bin/../lib/gcc/arm-none-eabi/7.3.1/thumb/v7-m/libgcc.a(_dvmd_tls.o)
                0x0000000008000e64                __aeabi_ldiv0
                0x0000000008000e64                __aeabi_idiv0
 *(.text*)
 .text.HAL_Init
                0x0000000008000e68       0x2c HAL_Driver/Src/stm32f1xx_hal.o
                0x0000000008000e68                HAL_Init
 .text.HAL_InitTick
                0x0000000008000e94       0x60 HAL_Driver/Src/stm32f1xx_hal.o
                0x0000000008000e94                HAL_InitTick
 .text.HAL_IncTick
                0x0000000008000ef4       0x24 HAL_Driver/Src/stm32f1xx_hal.o
                0x0000000008000ef4                HAL_IncTick
 .text.HAL_GetTick
                0x0000000008000f18       0x14 HAL_Driver/Src/stm32f1xx_hal.o
                0x0000000008000f18                HAL_GetTick
 .text.HAL_Delay
                0x0000000008000f2c       0x44 HAL_Driver/Src/stm32f1xx_hal.o
                0x0000000008000f2c                HAL_Delay
 .text.NVIC_SetPriorityGrouping
                0x0000000008000f70       0x48 HAL_Driver/Src/stm32f1xx_hal_cortex.o
 .text.NVIC_GetPriorityGrouping
                0x0000000008000fb8       0x1c HAL_Driver/Src/stm32f1xx_hal_cortex.o
 .text.NVIC_EnableIRQ
                0x0000000008000fd4       0x30 HAL_Driver/Src/stm32f1xx_hal_cortex.o
 .text.NVIC_SetPriority
                0x0000000008001004       0x54 HAL_Driver/Src/stm32f1xx_hal_cortex.o
 .text.NVIC_EncodePriority
                0x0000000008001058       0x64 HAL_Driver/Src/stm32f1xx_hal_cortex.o
 .text.SysTick_Config
                0x00000000080010bc       0x44 HAL_Driver/Src/stm32f1xx_hal_cortex.o
 .text.HAL_NVIC_SetPriorityGrouping
                0x0000000008001100       0x16 HAL_Driver/Src/stm32f1xx_hal_cortex.o
                0x0000000008001100                HAL_NVIC_SetPriorityGrouping
 .text.HAL_NVIC_SetPriority
                0x0000000008001116       0x38 HAL_Driver/Src/stm32f1xx_hal_cortex.o
                0x0000000008001116                HAL_NVIC_SetPriority
 .text.HAL_NVIC_EnableIRQ
                0x000000000800114e       0x1c HAL_Driver/Src/stm32f1xx_hal_cortex.o
                0x000000000800114e                HAL_NVIC_EnableIRQ
 .text.HAL_SYSTICK_Config
                0x000000000800116a       0x18 HAL_Driver/Src/stm32f1xx_hal_cortex.o
                0x000000000800116a                HAL_SYSTICK_Config
 .text.HAL_SYSTICK_IRQHandler
                0x0000000008001182        0xc HAL_Driver/Src/stm32f1xx_hal_cortex.o
                0x0000000008001182                HAL_SYSTICK_IRQHandler
 .text.HAL_SYSTICK_Callback
                0x000000000800118e        0xc HAL_Driver/Src/stm32f1xx_hal_cortex.o
                0x000000000800118e                HAL_SYSTICK_Callback
 *fill*         0x000000000800119a        0x2 
 .text.HAL_GPIO_Init
                0x000000000800119c      0x2bc HAL_Driver/Src/stm32f1xx_hal_gpio.o
                0x000000000800119c                HAL_GPIO_Init
 .text.HAL_GPIO_WritePin
                0x0000000008001458       0x30 HAL_Driver/Src/stm32f1xx_hal_gpio.o
                0x0000000008001458                HAL_GPIO_WritePin
 .text.HAL_MspInit
                0x0000000008001488        0xc HAL_Driver/Src/stm32f1xx_hal_msp_template.o
                0x0000000008001488                HAL_MspInit
 .text.HAL_RCC_GetHCLKFreq
                0x0000000008001494       0x14 HAL_Driver/Src/stm32f1xx_hal_rcc.o
                0x0000000008001494                HAL_RCC_GetHCLKFreq
 .text.HAL_RCC_GetPCLK1Freq
                0x00000000080014a8       0x28 HAL_Driver/Src/stm32f1xx_hal_rcc.o
                0x00000000080014a8                HAL_RCC_GetPCLK1Freq
 .text.HAL_RCC_GetPCLK2Freq
                0x00000000080014d0       0x28 HAL_Driver/Src/stm32f1xx_hal_rcc.o
                0x00000000080014d0                HAL_RCC_GetPCLK2Freq
 .text.HAL_TIM_Encoder_Init
                0x00000000080014f8      0x12c HAL_Driver/Src/stm32f1xx_hal_tim.o
                0x00000000080014f8                HAL_TIM_Encoder_Init
 .text.HAL_TIM_Encoder_MspInit
                0x0000000008001624       0x12 HAL_Driver/Src/stm32f1xx_hal_tim.o
                0x0000000008001624                HAL_TIM_Encoder_MspInit
 .text.HAL_TIM_Encoder_Start
                0x0000000008001636       0x6e HAL_Driver/Src/stm32f1xx_hal_tim.o
                0x0000000008001636                HAL_TIM_Encoder_Start
 .text.TIM_Base_SetConfig
                0x00000000080016a4       0xcc HAL_Driver/Src/stm32f1xx_hal_tim.o
                0x00000000080016a4                TIM_Base_SetConfig
 .text.TIM_CCxChannelCmd
                0x0000000008001770       0x44 HAL_Driver/Src/stm32f1xx_hal_tim.o
                0x0000000008001770                TIM_CCxChannelCmd
 .text.HAL_UART_Init
                0x00000000080017b4       0x9a HAL_Driver/Src/stm32f1xx_hal_uart.o
                0x00000000080017b4                HAL_UART_Init
 .text.HAL_UART_MspInit
                0x000000000800184e       0x12 HAL_Driver/Src/stm32f1xx_hal_uart.o
                0x000000000800184e                HAL_UART_MspInit
 .text.HAL_UART_Transmit
                0x0000000008001860      0x132 HAL_Driver/Src/stm32f1xx_hal_uart.o
                0x0000000008001860                HAL_UART_Transmit
 .text.UART_WaitOnFlagUntilTimeout
                0x0000000008001992       0x94 HAL_Driver/Src/stm32f1xx_hal_uart.o
 *fill*         0x0000000008001a26        0x2 
 .text.UART_SetConfig
                0x0000000008001a28      0x230 HAL_Driver/Src/stm32f1xx_hal_uart.o
 .text.abs_val  0x0000000008001c58       0x20 src/main.o
                0x0000000008001c58                abs_val
 .text.send_string
                0x0000000008001c78       0x2c src/main.o
                0x0000000008001c78                send_string
 .text.F1_start_clk
                0x0000000008001ca4       0x2c src/main.o
                0x0000000008001ca4                F1_start_clk
 .text.F1_start_ant
                0x0000000008001cd0       0x30 src/main.o
                0x0000000008001cd0                F1_start_ant
 .text.F1_stop  0x0000000008001d00       0x50 src/main.o
                0x0000000008001d00                F1_stop
 .text.begin_movement
                0x0000000008001d50       0x58 src/main.o
                0x0000000008001d50                begin_movement
 .text.start_position
                0x0000000008001da8       0x78 src/main.o
                0x0000000008001da8                start_position
 .text.rotate   0x0000000008001e20       0xb8 src/main.o
                0x0000000008001e20                rotate
 .text.EXTI15_10_IRQHandler
                0x0000000008001ed8       0x40 src/main.o
                0x0000000008001ed8                EXTI15_10_IRQHandler
 .text.EXTI9_5_IRQHandler
                0x0000000008001f18       0x7c src/main.o
                0x0000000008001f18                EXTI9_5_IRQHandler
 .text.TIM2_IRQHandler
                0x0000000008001f94       0x24 src/main.o
                0x0000000008001f94                TIM2_IRQHandler
 .text.main     0x0000000008001fb8      0x2ac src/main.o
                0x0000000008001fb8                main
 .text.SysTick_Handler
                0x0000000008002264       0x10 src/stm32f1xx_it.o
                0x0000000008002264                SysTick_Handler
 .text._sbrk    0x0000000008002274       0x58 src/syscalls.o
                0x0000000008002274                _sbrk
 .text.SystemInit
                0x00000000080022cc       0x68 src/system_stm32f1xx.o
                0x00000000080022cc                SystemInit
 .text.Reset_Handler
                0x0000000008002334       0x48 startup/startup_stm32f103xb.o
                0x0000000008002334                Reset_Handler
 .text.Default_Handler
                0x000000000800237c        0x2 startup/startup_stm32f103xb.o
                0x000000000800237c                RTC_Alarm_IRQHandler
                0x000000000800237c                EXTI2_IRQHandler
                0x000000000800237c                DebugMon_Handler
                0x000000000800237c                TIM1_CC_IRQHandler
                0x000000000800237c                HardFault_Handler
                0x000000000800237c                PVD_IRQHandler
                0x000000000800237c                PendSV_Handler
                0x000000000800237c                NMI_Handler
                0x000000000800237c                EXTI3_IRQHandler
                0x000000000800237c                EXTI0_IRQHandler
                0x000000000800237c                I2C2_EV_IRQHandler
                0x000000000800237c                UsageFault_Handler
                0x000000000800237c                ADC1_2_IRQHandler
                0x000000000800237c                SPI1_IRQHandler
                0x000000000800237c                TAMPER_IRQHandler
                0x000000000800237c                DMA1_Channel4_IRQHandler
                0x000000000800237c                USART3_IRQHandler
                0x000000000800237c                RTC_IRQHandler
                0x000000000800237c                DMA1_Channel7_IRQHandler
                0x000000000800237c                CAN1_RX1_IRQHandler
                0x000000000800237c                TIM4_IRQHandler
                0x000000000800237c                I2C1_EV_IRQHandler
                0x000000000800237c                DMA1_Channel6_IRQHandler
                0x000000000800237c                TIM3_IRQHandler
                0x000000000800237c                RCC_IRQHandler
                0x000000000800237c                TIM1_TRG_COM_IRQHandler
                0x000000000800237c                DMA1_Channel1_IRQHandler
                0x000000000800237c                Default_Handler
                0x000000000800237c                SPI2_IRQHandler
                0x000000000800237c                MemManage_Handler
                0x000000000800237c                SVC_Handler
                0x000000000800237c                DMA1_Channel5_IRQHandler
                0x000000000800237c                EXTI4_IRQHandler
                0x000000000800237c                USB_LP_CAN1_RX0_IRQHandler
                0x000000000800237c                USB_HP_CAN1_TX_IRQHandler
                0x000000000800237c                DMA1_Channel3_IRQHandler
                0x000000000800237c                TIM1_UP_IRQHandler
                0x000000000800237c                WWDG_IRQHandler
                0x000000000800237c                TIM1_BRK_IRQHandler
                0x000000000800237c                EXTI1_IRQHandler
                0x000000000800237c                USART2_IRQHandler
                0x000000000800237c                I2C2_ER_IRQHandler
                0x000000000800237c                DMA1_Channel2_IRQHandler
                0x000000000800237c                CAN1_SCE_IRQHandler
                0x000000000800237c                FLASH_IRQHandler
                0x000000000800237c                BusFault_Handler
                0x000000000800237c                USART1_IRQHandler
                0x000000000800237c                I2C1_ER_IRQHandler
                0x000000000800237c                USBWakeUp_IRQHandler
 *fill*         0x000000000800237e        0x2 
 .text.__errno  0x0000000008002380        0xc /home/kwarc/Downloads/1/plugins/fr.ac6.mcu.externaltools.arm-none.linux64_1.17.0.201812190825/tools/compiler/bin/../lib/gcc/arm-none-eabi/7.3.1/../../../../arm-none-eabi/lib/thumb/v7-m/libc.a(lib_a-errno.o)
                0x0000000008002380                __errno
 .text.__libc_init_array
                0x000000000800238c       0x48 /home/kwarc/Downloads/1/plugins/fr.ac6.mcu.externaltools.arm-none.linux64_1.17.0.201812190825/tools/compiler/bin/../lib/gcc/arm-none-eabi/7.3.1/../../../../arm-none-eabi/lib/thumb/v7-m/libc.a(lib_a-init.o)
                0x000000000800238c                __libc_init_array
 .text.memset   0x00000000080023d4       0x94 /home/kwarc/Downloads/1/plugins/fr.ac6.mcu.externaltools.arm-none.linux64_1.17.0.201812190825/tools/compiler/bin/../lib/gcc/arm-none-eabi/7.3.1/../../../../arm-none-eabi/lib/thumb/v7-m/libc.a(lib_a-memset.o)
                0x00000000080023d4                memset
 .text.sprintf  0x0000000008002468       0x44 /home/kwarc/Downloads/1/plugins/fr.ac6.mcu.externaltools.arm-none.linux64_1.17.0.201812190825/tools/compiler/bin/../lib/gcc/arm-none-eabi/7.3.1/../../../../arm-none-eabi/lib/thumb/v7-m/libc.a(lib_a-sprintf.o)
                0x0000000008002468                sprintf
 .text.strlen   0x00000000080024ac       0x5c /home/kwarc/Downloads/1/plugins/fr.ac6.mcu.externaltools.arm-none.linux64_1.17.0.201812190825/tools/compiler/bin/../lib/gcc/arm-none-eabi/7.3.1/../../../../arm-none-eabi/lib/thumb/v7-m/libc.a(lib_a-strlen-stub.o)
                0x00000000080024ac                strlen
 .text._svfprintf_r
                0x0000000008002508     0x1a04 /home/kwarc/Downloads/1/plugins/fr.ac6.mcu.externaltools.arm-none.linux64_1.17.0.201812190825/tools/compiler/bin/../lib/gcc/arm-none-eabi/7.3.1/../../../../arm-none-eabi/lib/thumb/v7-m/libc.a(lib_a-svfprintf.o)
                0x0000000008002508                _svfprintf_r
 .text.startup.register_fini
                0x0000000008003f0c       0x14 /home/kwarc/Downloads/1/plugins/fr.ac6.mcu.externaltools.arm-none.linux64_1.17.0.201812190825/tools/compiler/bin/../lib/gcc/arm-none-eabi/7.3.1/../../../../arm-none-eabi/lib/thumb/v7-m/libc.a(lib_a-__call_atexit.o)
 .text.atexit   0x0000000008003f20        0xc /home/kwarc/Downloads/1/plugins/fr.ac6.mcu.externaltools.arm-none.linux64_1.17.0.201812190825/tools/compiler/bin/../lib/gcc/arm-none-eabi/7.3.1/../../../../arm-none-eabi/lib/thumb/v7-m/libc.a(lib_a-atexit.o)
                0x0000000008003f20                atexit
 .text.quorem   0x0000000008003f2c      0x124 /home/kwarc/Downloads/1/plugins/fr.ac6.mcu.externaltools.arm-none.linux64_1.17.0.201812190825/tools/compiler/bin/../lib/gcc/arm-none-eabi/7.3.1/../../../../arm-none-eabi/lib/thumb/v7-m/libc.a(lib_a-dtoa.o)
 .text._dtoa_r  0x0000000008004050      0xe30 /home/kwarc/Downloads/1/plugins/fr.ac6.mcu.externaltools.arm-none.linux64_1.17.0.201812190825/tools/compiler/bin/../lib/gcc/arm-none-eabi/7.3.1/../../../../arm-none-eabi/lib/thumb/v7-m/libc.a(lib_a-dtoa.o)
                0x0000000008004050                _dtoa_r
 .text.__libc_fini_array
                0x0000000008004e80       0x34 /home/kwarc/Downloads/1/plugins/fr.ac6.mcu.externaltools.arm-none.linux64_1.17.0.201812190825/tools/compiler/bin/../lib/gcc/arm-none-eabi/7.3.1/../../../../arm-none-eabi/lib/thumb/v7-m/libc.a(lib_a-fini.o)
                0x0000000008004e80                __libc_fini_array
 .text._malloc_trim_r
                0x0000000008004eb4       0xa0 /home/kwarc/Downloads/1/plugins/fr.ac6.mcu.externaltools.arm-none.linux64_1.17.0.201812190825/tools/compiler/bin/../lib/gcc/arm-none-eabi/7.3.1/../../../../arm-none-eabi/lib/thumb/v7-m/libc.a(lib_a-freer.o)
                0x0000000008004eb4                _malloc_trim_r
 .text._free_r  0x0000000008004f54      0x1e8 /home/kwarc/Downloads/1/plugins/fr.ac6.mcu.externaltools.arm-none.linux64_1.17.0.201812190825/tools/compiler/bin/../lib/gcc/arm-none-eabi/7.3.1/../../../../arm-none-eabi/lib/thumb/v7-m/libc.a(lib_a-freer.o)
                0x0000000008004f54                _free_r
 .text._localeconv_r
                0x000000000800513c       0x1c /home/kwarc/Downloads/1/plugins/fr.ac6.mcu.externaltools.arm-none.linux64_1.17.0.201812190825/tools/compiler/bin/../lib/gcc/arm-none-eabi/7.3.1/../../../../arm-none-eabi/lib/thumb/v7-m/libc.a(lib_a-localeconv.o)
                0x000000000800513c                _localeconv_r
 .text.__retarget_lock_acquire_recursive
                0x0000000008005158        0x4 /home/kwarc/Downloads/1/plugins/fr.ac6.mcu.externaltools.arm-none.linux64_1.17.0.201812190825/tools/compiler/bin/../lib/gcc/arm-none-eabi/7.3.1/../../../../arm-none-eabi/lib/thumb/v7-m/libc.a(lib_a-lock.o)
                0x0000000008005158                __retarget_lock_acquire_recursive
 .text.__retarget_lock_release_recursive
                0x000000000800515c        0x4 /home/kwarc/Downloads/1/plugins/fr.ac6.mcu.externaltools.arm-none.linux64_1.17.0.201812190825/tools/compiler/bin/../lib/gcc/arm-none-eabi/7.3.1/../../../../arm-none-eabi/lib/thumb/v7-m/libc.a(lib_a-lock.o)
                0x000000000800515c                __retarget_lock_release_recursive
 .text._malloc_r
                0x0000000008005160      0x524 /home/kwarc/Downloads/1/plugins/fr.ac6.mcu.externaltools.arm-none.linux64_1.17.0.201812190825/tools/compiler/bin/../lib/gcc/arm-none-eabi/7.3.1/../../../../arm-none-eabi/lib/thumb/v7-m/libc.a(lib_a-mallocr.o)
                0x0000000008005160                _malloc_r
 .text.memchr   0x0000000008005684       0x8c /home/kwarc/Downloads/1/plugins/fr.ac6.mcu.externaltools.arm-none.linux64_1.17.0.201812190825/tools/compiler/bin/../lib/gcc/arm-none-eabi/7.3.1/../../../../arm-none-eabi/lib/thumb/v7-m/libc.a(lib_a-memchr-stub.o)
                0x0000000008005684                memchr
 .text.__malloc_lock
                0x0000000008005710        0xc /home/kwarc/Downloads/1/plugins/fr.ac6.mcu.externaltools.arm-none.linux64_1.17.0.201812190825/tools/compiler/bin/../lib/gcc/arm-none-eabi/7.3.1/../../../../arm-none-eabi/lib/thumb/v7-m/libc.a(lib_a-mlock.o)
                0x0000000008005710                __malloc_lock
 .text.__malloc_unlock
                0x000000000800571c        0xc /home/kwarc/Downloads/1/plugins/fr.ac6.mcu.externaltools.arm-none.linux64_1.17.0.201812190825/tools/compiler/bin/../lib/gcc/arm-none-eabi/7.3.1/../../../../arm-none-eabi/lib/thumb/v7-m/libc.a(lib_a-mlock.o)
                0x000000000800571c                __malloc_unlock
 .text._Balloc  0x0000000008005728       0x4c /home/kwarc/Downloads/1/plugins/fr.ac6.mcu.externaltools.arm-none.linux64_1.17.0.201812190825/tools/compiler/bin/../lib/gcc/arm-none-eabi/7.3.1/../../../../arm-none-eabi/lib/thumb/v7-m/libc.a(lib_a-mprec.o)
                0x0000000008005728                _Balloc
 .text._Bfree   0x0000000008005774       0x14 /home/kwarc/Downloads/1/plugins/fr.ac6.mcu.externaltools.arm-none.linux64_1.17.0.201812190825/tools/compiler/bin/../lib/gcc/arm-none-eabi/7.3.1/../../../../arm-none-eabi/lib/thumb/v7-m/libc.a(lib_a-mprec.o)
                0x0000000008005774                _Bfree
 .text.__multadd
                0x0000000008005788       0x84 /home/kwarc/Downloads/1/plugins/fr.ac6.mcu.externaltools.arm-none.linux64_1.17.0.201812190825/tools/compiler/bin/../lib/gcc/arm-none-eabi/7.3.1/../../../../arm-none-eabi/lib/thumb/v7-m/libc.a(lib_a-mprec.o)
                0x0000000008005788                __multadd
 .text.__hi0bits
                0x000000000800580c       0x40 /home/kwarc/Downloads/1/plugins/fr.ac6.mcu.externaltools.arm-none.linux64_1.17.0.201812190825/tools/compiler/bin/../lib/gcc/arm-none-eabi/7.3.1/../../../../arm-none-eabi/lib/thumb/v7-m/libc.a(lib_a-mprec.o)
                0x000000000800580c                __hi0bits
 .text.__lo0bits
                0x000000000800584c       0x60 /home/kwarc/Downloads/1/plugins/fr.ac6.mcu.externaltools.arm-none.linux64_1.17.0.201812190825/tools/compiler/bin/../lib/gcc/arm-none-eabi/7.3.1/../../../../arm-none-eabi/lib/thumb/v7-m/libc.a(lib_a-mprec.o)
                0x000000000800584c                __lo0bits
 .text.__i2b    0x00000000080058ac       0x14 /home/kwarc/Downloads/1/plugins/fr.ac6.mcu.externaltools.arm-none.linux64_1.17.0.201812190825/tools/compiler/bin/../lib/gcc/arm-none-eabi/7.3.1/../../../../arm-none-eabi/lib/thumb/v7-m/libc.a(lib_a-mprec.o)
                0x00000000080058ac                __i2b
 .text.__multiply
                0x00000000080058c0      0x14c /home/kwarc/Downloads/1/plugins/fr.ac6.mcu.externaltools.arm-none.linux64_1.17.0.201812190825/tools/compiler/bin/../lib/gcc/arm-none-eabi/7.3.1/../../../../arm-none-eabi/lib/thumb/v7-m/libc.a(lib_a-mprec.o)
                0x00000000080058c0                __multiply
 .text.__pow5mult
                0x0000000008005a0c       0xa0 /home/kwarc/Downloads/1/plugins/fr.ac6.mcu.externaltools.arm-none.linux64_1.17.0.201812190825/tools/compiler/bin/../lib/gcc/arm-none-eabi/7.3.1/../../../../arm-none-eabi/lib/thumb/v7-m/libc.a(lib_a-mprec.o)
                0x0000000008005a0c                __pow5mult
 .text.__lshift
                0x0000000008005aac       0xb4 /home/kwarc/Downloads/1/plugins/fr.ac6.mcu.externaltools.arm-none.linux64_1.17.0.201812190825/tools/compiler/bin/../lib/gcc/arm-none-eabi/7.3.1/../../../../arm-none-eabi/lib/thumb/v7-m/libc.a(lib_a-mprec.o)
                0x0000000008005aac                __lshift
 .text.__mcmp   0x0000000008005b60       0x38 /home/kwarc/Downloads/1/plugins/fr.ac6.mcu.externaltools.arm-none.linux64_1.17.0.201812190825/tools/compiler/bin/../lib/gcc/arm-none-eabi/7.3.1/../../../../arm-none-eabi/lib/thumb/v7-m/libc.a(lib_a-mprec.o)
                0x0000000008005b60                __mcmp
 .text.__mdiff  0x0000000008005b98      0x100 /home/kwarc/Downloads/1/plugins/fr.ac6.mcu.externaltools.arm-none.linux64_1.17.0.201812190825/tools/compiler/bin/../lib/gcc/arm-none-eabi/7.3.1/../../../../arm-none-eabi/lib/thumb/v7-m/libc.a(lib_a-mprec.o)
                0x0000000008005b98                __mdiff
 .text.__d2b    0x0000000008005c98       0xb0 /home/kwarc/Downloads/1/plugins/fr.ac6.mcu.externaltools.arm-none.linux64_1.17.0.201812190825/tools/compiler/bin/../lib/gcc/arm-none-eabi/7.3.1/../../../../arm-none-eabi/lib/thumb/v7-m/libc.a(lib_a-mprec.o)
                0x0000000008005c98                __d2b
 .text.frexp    0x0000000008005d48       0x64 /home/kwarc/Downloads/1/plugins/fr.ac6.mcu.externaltools.arm-none.linux64_1.17.0.201812190825/tools/compiler/bin/../lib/gcc/arm-none-eabi/7.3.1/../../../../arm-none-eabi/lib/thumb/v7-m/libc.a(lib_a-s_frexp.o)
                0x0000000008005d48                frexp
 .text._sbrk_r  0x0000000008005dac       0x24 /home/kwarc/Downloads/1/plugins/fr.ac6.mcu.externaltools.arm-none.linux64_1.17.0.201812190825/tools/compiler/bin/../lib/gcc/arm-none-eabi/7.3.1/../../../../arm-none-eabi/lib/thumb/v7-m/libc.a(lib_a-sbrkr.o)
                0x0000000008005dac                _sbrk_r
 .text.strncpy  0x0000000008005dd0       0x64 /home/kwarc/Downloads/1/plugins/fr.ac6.mcu.externaltools.arm-none.linux64_1.17.0.201812190825/tools/compiler/bin/../lib/gcc/arm-none-eabi/7.3.1/../../../../arm-none-eabi/lib/thumb/v7-m/libc.a(lib_a-strncpy.o)
                0x0000000008005dd0                strncpy
 .text.__ssprint_r
                0x0000000008005e34       0xf4 /home/kwarc/Downloads/1/plugins/fr.ac6.mcu.externaltools.arm-none.linux64_1.17.0.201812190825/tools/compiler/bin/../lib/gcc/arm-none-eabi/7.3.1/../../../../arm-none-eabi/lib/thumb/v7-m/libc.a(lib_a-svfiprintf.o)
                0x0000000008005e34                __ssprint_r
 .text.__register_exitproc
                0x0000000008005f28       0xc0 /home/kwarc/Downloads/1/plugins/fr.ac6.mcu.externaltools.arm-none.linux64_1.17.0.201812190825/tools/compiler/bin/../lib/gcc/arm-none-eabi/7.3.1/../../../../arm-none-eabi/lib/thumb/v7-m/libc.a(lib_a-__atexit.o)
                0x0000000008005f28                __register_exitproc
 .text._calloc_r
                0x0000000008005fe8       0x6c /home/kwarc/Downloads/1/plugins/fr.ac6.mcu.externaltools.arm-none.linux64_1.17.0.201812190825/tools/compiler/bin/../lib/gcc/arm-none-eabi/7.3.1/../../../../arm-none-eabi/lib/thumb/v7-m/libc.a(lib_a-callocr.o)
                0x0000000008005fe8                _calloc_r
 .text.__ascii_mbtowc
                0x0000000008006054       0x2c /home/kwarc/Downloads/1/plugins/fr.ac6.mcu.externaltools.arm-none.linux64_1.17.0.201812190825/tools/compiler/bin/../lib/gcc/arm-none-eabi/7.3.1/../../../../arm-none-eabi/lib/thumb/v7-m/libc.a(lib_a-mbtowc_r.o)
                0x0000000008006054                __ascii_mbtowc
 .text.memmove  0x0000000008006080       0xc4 /home/kwarc/Downloads/1/plugins/fr.ac6.mcu.externaltools.arm-none.linux64_1.17.0.201812190825/tools/compiler/bin/../lib/gcc/arm-none-eabi/7.3.1/../../../../arm-none-eabi/lib/thumb/v7-m/libc.a(lib_a-memmove.o)
                0x0000000008006080                memmove
 .text._realloc_r
                0x0000000008006144      0x374 /home/kwarc/Downloads/1/plugins/fr.ac6.mcu.externaltools.arm-none.linux64_1.17.0.201812190825/tools/compiler/bin/../lib/gcc/arm-none-eabi/7.3.1/../../../../arm-none-eabi/lib/thumb/v7-m/libc.a(lib_a-reallocr.o)
                0x0000000008006144                _realloc_r
 .text.__ascii_wctomb
                0x00000000080064b8       0x18 /home/kwarc/Downloads/1/plugins/fr.ac6.mcu.externaltools.arm-none.linux64_1.17.0.201812190825/tools/compiler/bin/../lib/gcc/arm-none-eabi/7.3.1/../../../../arm-none-eabi/lib/thumb/v7-m/libc.a(lib_a-wctomb_r.o)
                0x00000000080064b8                __ascii_wctomb
 *(.glue_7)
 .glue_7        0x00000000080064d0        0x0 linker stubs
 *(.glue_7t)
 .glue_7t       0x00000000080064d0        0x0 linker stubs
 *(.eh_frame)
 .eh_frame      0x00000000080064d0        0x0 /home/kwarc/Downloads/1/plugins/fr.ac6.mcu.externaltools.arm-none.linux64_1.17.0.201812190825/tools/compiler/bin/../lib/gcc/arm-none-eabi/7.3.1/thumb/v7-m/crtbegin.o
 *(.init)
 .init          0x00000000080064d0        0x4 /home/kwarc/Downloads/1/plugins/fr.ac6.mcu.externaltools.arm-none.linux64_1.17.0.201812190825/tools/compiler/bin/../lib/gcc/arm-none-eabi/7.3.1/thumb/v7-m/crti.o
                0x00000000080064d0                _init
 .init          0x00000000080064d4        0x8 /home/kwarc/Downloads/1/plugins/fr.ac6.mcu.externaltools.arm-none.linux64_1.17.0.201812190825/tools/compiler/bin/../lib/gcc/arm-none-eabi/7.3.1/thumb/v7-m/crtn.o
 *(.fini)
 .fini          0x00000000080064dc        0x4 /home/kwarc/Downloads/1/plugins/fr.ac6.mcu.externaltools.arm-none.linux64_1.17.0.201812190825/tools/compiler/bin/../lib/gcc/arm-none-eabi/7.3.1/thumb/v7-m/crti.o
                0x00000000080064dc                _fini
 .fini          0x00000000080064e0        0x8 /home/kwarc/Downloads/1/plugins/fr.ac6.mcu.externaltools.arm-none.linux64_1.17.0.201812190825/tools/compiler/bin/../lib/gcc/arm-none-eabi/7.3.1/thumb/v7-m/crtn.o
                0x00000000080064e8                . = ALIGN (0x4)
                0x00000000080064e8                _etext = .

.vfp11_veneer   0x00000000080064e8        0x0
 .vfp11_veneer  0x00000000080064e8        0x0 linker stubs

.v4_bx          0x00000000080064e8        0x0
 .v4_bx         0x00000000080064e8        0x0 linker stubs

.iplt           0x00000000080064e8        0x0
 .iplt          0x00000000080064e8        0x0 /home/kwarc/Downloads/1/plugins/fr.ac6.mcu.externaltools.arm-none.linux64_1.17.0.201812190825/tools/compiler/bin/../lib/gcc/arm-none-eabi/7.3.1/thumb/v7-m/crtbegin.o

.rodata         0x00000000080064e8      0x318
                0x00000000080064e8                . = ALIGN (0x4)
 *(.rodata)
 .rodata        0x00000000080064e8       0x75 src/main.o
 *fill*         0x000000000800655d        0x3 
 .rodata        0x0000000008006560       0x18 src/system_stm32f1xx.o
                0x0000000008006560                AHBPrescTable
                0x0000000008006570                APBPrescTable
 *(.rodata*)
 .rodata._global_impure_ptr
                0x0000000008006578        0x4 /home/kwarc/Downloads/1/plugins/fr.ac6.mcu.externaltools.arm-none.linux64_1.17.0.201812190825/tools/compiler/bin/../lib/gcc/arm-none-eabi/7.3.1/../../../../arm-none-eabi/lib/thumb/v7-m/libc.a(lib_a-impure.o)
                0x0000000008006578                _global_impure_ptr
 .rodata._svfprintf_r.str1.4
                0x000000000800657c       0x42 /home/kwarc/Downloads/1/plugins/fr.ac6.mcu.externaltools.arm-none.linux64_1.17.0.201812190825/tools/compiler/bin/../lib/gcc/arm-none-eabi/7.3.1/../../../../arm-none-eabi/lib/thumb/v7-m/libc.a(lib_a-svfprintf.o)
 *fill*         0x00000000080065be        0x2 
 .rodata.blanks.7315
                0x00000000080065c0       0x10 /home/kwarc/Downloads/1/plugins/fr.ac6.mcu.externaltools.arm-none.linux64_1.17.0.201812190825/tools/compiler/bin/../lib/gcc/arm-none-eabi/7.3.1/../../../../arm-none-eabi/lib/thumb/v7-m/libc.a(lib_a-svfprintf.o)
 .rodata.zeroes.7316
                0x00000000080065d0       0x10 /home/kwarc/Downloads/1/plugins/fr.ac6.mcu.externaltools.arm-none.linux64_1.17.0.201812190825/tools/compiler/bin/../lib/gcc/arm-none-eabi/7.3.1/../../../../arm-none-eabi/lib/thumb/v7-m/libc.a(lib_a-svfprintf.o)
 .rodata._dtoa_r.str1.4
                0x00000000080065e0       0x10 /home/kwarc/Downloads/1/plugins/fr.ac6.mcu.externaltools.arm-none.linux64_1.17.0.201812190825/tools/compiler/bin/../lib/gcc/arm-none-eabi/7.3.1/../../../../arm-none-eabi/lib/thumb/v7-m/libc.a(lib_a-dtoa.o)
                                         0x12 (size before relaxing)
 .rodata.__mprec_bigtens
                0x00000000080065f0       0x28 /home/kwarc/Downloads/1/plugins/fr.ac6.mcu.externaltools.arm-none.linux64_1.17.0.201812190825/tools/compiler/bin/../lib/gcc/arm-none-eabi/7.3.1/../../../../arm-none-eabi/lib/thumb/v7-m/libc.a(lib_a-mprec.o)
                0x00000000080065f0                __mprec_bigtens
 .rodata.__mprec_tens
                0x0000000008006618       0xc8 /home/kwarc/Downloads/1/plugins/fr.ac6.mcu.externaltools.arm-none.linux64_1.17.0.201812190825/tools/compiler/bin/../lib/gcc/arm-none-eabi/7.3.1/../../../../arm-none-eabi/lib/thumb/v7-m/libc.a(lib_a-mprec.o)
                0x0000000008006618                __mprec_tens
 .rodata.p05.6092
                0x00000000080066e0        0xc /home/kwarc/Downloads/1/plugins/fr.ac6.mcu.externaltools.arm-none.linux64_1.17.0.201812190825/tools/compiler/bin/../lib/gcc/arm-none-eabi/7.3.1/../../../../arm-none-eabi/lib/thumb/v7-m/libc.a(lib_a-mprec.o)
 .rodata._setlocale_r.str1.4
                0x00000000080066ec        0xa /home/kwarc/Downloads/1/plugins/fr.ac6.mcu.externaltools.arm-none.linux64_1.17.0.201812190825/tools/compiler/bin/../lib/gcc/arm-none-eabi/7.3.1/../../../../arm-none-eabi/lib/thumb/v7-m/libc.a(lib_a-locale.o)
                                          0xd (size before relaxing)
 *fill*         0x00000000080066f6        0x2 
 .rodata.str1.4
                0x00000000080066f8        0x4 /home/kwarc/Downloads/1/plugins/fr.ac6.mcu.externaltools.arm-none.linux64_1.17.0.201812190825/tools/compiler/bin/../lib/gcc/arm-none-eabi/7.3.1/../../../../arm-none-eabi/lib/thumb/v7-m/libc.a(lib_a-locale.o)
                                          0x2 (size before relaxing)
 .rodata._ctype_
                0x00000000080066fc      0x101 /home/kwarc/Downloads/1/plugins/fr.ac6.mcu.externaltools.arm-none.linux64_1.17.0.201812190825/tools/compiler/bin/../lib/gcc/arm-none-eabi/7.3.1/../../../../arm-none-eabi/lib/thumb/v7-m/libc.a(lib_a-ctype_.o)
                0x00000000080066fc                _ctype_
                0x0000000008006800                . = ALIGN (0x4)
 *fill*         0x00000000080067fd        0x3 

.ARM.extab
 *(.ARM.extab* .gnu.linkonce.armextab.*)

.ARM            0x0000000008006800        0x8
                0x0000000008006800                __exidx_start = .
 *(.ARM.exidx*)
 .ARM.exidx     0x0000000008006800        0x8 /home/kwarc/Downloads/1/plugins/fr.ac6.mcu.externaltools.arm-none.linux64_1.17.0.201812190825/tools/compiler/bin/../lib/gcc/arm-none-eabi/7.3.1/thumb/v7-m/libgcc.a(_udivmoddi4.o)
                0x0000000008006808                __exidx_end = .

.rel.dyn        0x0000000008006808        0x0
 .rel.iplt      0x0000000008006808        0x0 /home/kwarc/Downloads/1/plugins/fr.ac6.mcu.externaltools.arm-none.linux64_1.17.0.201812190825/tools/compiler/bin/../lib/gcc/arm-none-eabi/7.3.1/thumb/v7-m/crtbegin.o

.preinit_array  0x0000000008006808        0x0
                0x0000000008006808                PROVIDE (__preinit_array_start = .)
 *(.preinit_array*)
                0x0000000008006808                PROVIDE (__preinit_array_end = .)

.init_array     0x0000000008006808        0x8
                0x0000000008006808                PROVIDE (__init_array_start = .)
 *(SORT_BY_NAME(.init_array.*))
 .init_array.00000
                0x0000000008006808        0x4 /home/kwarc/Downloads/1/plugins/fr.ac6.mcu.externaltools.arm-none.linux64_1.17.0.201812190825/tools/compiler/bin/../lib/gcc/arm-none-eabi/7.3.1/../../../../arm-none-eabi/lib/thumb/v7-m/libc.a(lib_a-__call_atexit.o)
 *(.init_array*)
 .init_array    0x000000000800680c        0x4 /home/kwarc/Downloads/1/plugins/fr.ac6.mcu.externaltools.arm-none.linux64_1.17.0.201812190825/tools/compiler/bin/../lib/gcc/arm-none-eabi/7.3.1/thumb/v7-m/crtbegin.o
                0x0000000008006810                PROVIDE (__init_array_end = .)

.fini_array     0x0000000008006810        0x4
                0x0000000008006810                PROVIDE (__fini_array_start = .)
 *(SORT_BY_NAME(.fini_array.*))
 *(.fini_array*)
 .fini_array    0x0000000008006810        0x4 /home/kwarc/Downloads/1/plugins/fr.ac6.mcu.externaltools.arm-none.linux64_1.17.0.201812190825/tools/compiler/bin/../lib/gcc/arm-none-eabi/7.3.1/thumb/v7-m/crtbegin.o
                0x0000000008006814                PROVIDE (__fini_array_end = .)
                0x0000000008006814                _sidata = LOADADDR (.data)

.data           0x0000000020000000      0x9b8 load address 0x0000000008006814
                0x0000000020000000                . = ALIGN (0x4)
                0x0000000020000000                _sdata = .
 *(.data)
 .data          0x0000000020000000        0x5 HAL_Driver/Src/stm32f1xx_hal.o
                0x0000000020000000                uwTickPrio
                0x0000000020000004                uwTickFreq
 .data          0x0000000020000005        0x1 src/main.o
                0x0000000020000005                dir
 *fill*         0x0000000020000006        0x2 
 .data          0x0000000020000008        0x4 src/system_stm32f1xx.o
                0x0000000020000008                SystemCoreClock
 *(.data*)
 .data._impure_ptr
                0x000000002000000c        0x4 /home/kwarc/Downloads/1/plugins/fr.ac6.mcu.externaltools.arm-none.linux64_1.17.0.201812190825/tools/compiler/bin/../lib/gcc/arm-none-eabi/7.3.1/../../../../arm-none-eabi/lib/thumb/v7-m/libc.a(lib_a-impure.o)
                0x000000002000000c                _impure_ptr
 .data.impure_data
                0x0000000020000010      0x428 /home/kwarc/Downloads/1/plugins/fr.ac6.mcu.externaltools.arm-none.linux64_1.17.0.201812190825/tools/compiler/bin/../lib/gcc/arm-none-eabi/7.3.1/../../../../arm-none-eabi/lib/thumb/v7-m/libc.a(lib_a-impure.o)
 .data.__atexit_recursive_mutex
                0x0000000020000438        0x4 /home/kwarc/Downloads/1/plugins/fr.ac6.mcu.externaltools.arm-none.linux64_1.17.0.201812190825/tools/compiler/bin/../lib/gcc/arm-none-eabi/7.3.1/../../../../arm-none-eabi/lib/thumb/v7-m/libc.a(lib_a-__call_atexit.o)
                0x0000000020000438                __atexit_recursive_mutex
 .data.__malloc_av_
                0x000000002000043c      0x408 /home/kwarc/Downloads/1/plugins/fr.ac6.mcu.externaltools.arm-none.linux64_1.17.0.201812190825/tools/compiler/bin/../lib/gcc/arm-none-eabi/7.3.1/../../../../arm-none-eabi/lib/thumb/v7-m/libc.a(lib_a-mallocr.o)
                0x000000002000043c                __malloc_av_
 .data.__malloc_sbrk_base
                0x0000000020000844        0x4 /home/kwarc/Downloads/1/plugins/fr.ac6.mcu.externaltools.arm-none.linux64_1.17.0.201812190825/tools/compiler/bin/../lib/gcc/arm-none-eabi/7.3.1/../../../../arm-none-eabi/lib/thumb/v7-m/libc.a(lib_a-mallocr.o)
                0x0000000020000844                __malloc_sbrk_base
 .data.__malloc_trim_threshold
                0x0000000020000848        0x4 /home/kwarc/Downloads/1/plugins/fr.ac6.mcu.externaltools.arm-none.linux64_1.17.0.201812190825/tools/compiler/bin/../lib/gcc/arm-none-eabi/7.3.1/../../../../arm-none-eabi/lib/thumb/v7-m/libc.a(lib_a-mallocr.o)
                0x0000000020000848                __malloc_trim_threshold
 .data.__global_locale
                0x000000002000084c      0x16c /home/kwarc/Downloads/1/plugins/fr.ac6.mcu.externaltools.arm-none.linux64_1.17.0.201812190825/tools/compiler/bin/../lib/gcc/arm-none-eabi/7.3.1/../../../../arm-none-eabi/lib/thumb/v7-m/libc.a(lib_a-locale.o)
                0x000000002000084c                __global_locale
                0x00000000200009b8                . = ALIGN (0x4)
                0x00000000200009b8                _edata = .

.igot.plt       0x00000000200009b8        0x0 load address 0x00000000080071cc
 .igot.plt      0x00000000200009b8        0x0 /home/kwarc/Downloads/1/plugins/fr.ac6.mcu.externaltools.arm-none.linux64_1.17.0.201812190825/tools/compiler/bin/../lib/gcc/arm-none-eabi/7.3.1/thumb/v7-m/crtbegin.o
                0x00000000200009b8                . = ALIGN (0x4)

.bss            0x00000000200009b8     0x20a4 load address 0x00000000080071cc
                0x00000000200009b8                _sbss = .
                0x00000000200009b8                __bss_start__ = _sbss
 *(.bss)
 .bss           0x00000000200009b8       0x1c /home/kwarc/Downloads/1/plugins/fr.ac6.mcu.externaltools.arm-none.linux64_1.17.0.201812190825/tools/compiler/bin/../lib/gcc/arm-none-eabi/7.3.1/thumb/v7-m/crtbegin.o
 .bss           0x00000000200009d4        0x8 src/main.o
                0x00000000200009d4                current_move
                0x00000000200009d8                in_move
 .bss           0x00000000200009dc        0x8 src/syscalls.o
                0x00000000200009dc                __env
 *(.bss*)
 .bss.__malloc_current_mallinfo
                0x00000000200009e4       0x28 /home/kwarc/Downloads/1/plugins/fr.ac6.mcu.externaltools.arm-none.linux64_1.17.0.201812190825/tools/compiler/bin/../lib/gcc/arm-none-eabi/7.3.1/../../../../arm-none-eabi/lib/thumb/v7-m/libc.a(lib_a-mallocr.o)
                0x00000000200009e4                __malloc_current_mallinfo
 .bss.__malloc_max_sbrked_mem
                0x0000000020000a0c        0x4 /home/kwarc/Downloads/1/plugins/fr.ac6.mcu.externaltools.arm-none.linux64_1.17.0.201812190825/tools/compiler/bin/../lib/gcc/arm-none-eabi/7.3.1/../../../../arm-none-eabi/lib/thumb/v7-m/libc.a(lib_a-mallocr.o)
                0x0000000020000a0c                __malloc_max_sbrked_mem
 .bss.__malloc_max_total_mem
                0x0000000020000a10        0x4 /home/kwarc/Downloads/1/plugins/fr.ac6.mcu.externaltools.arm-none.linux64_1.17.0.201812190825/tools/compiler/bin/../lib/gcc/arm-none-eabi/7.3.1/../../../../arm-none-eabi/lib/thumb/v7-m/libc.a(lib_a-mallocr.o)
                0x0000000020000a10                __malloc_max_total_mem
 .bss.__malloc_top_pad
                0x0000000020000a14        0x4 /home/kwarc/Downloads/1/plugins/fr.ac6.mcu.externaltools.arm-none.linux64_1.17.0.201812190825/tools/compiler/bin/../lib/gcc/arm-none-eabi/7.3.1/../../../../arm-none-eabi/lib/thumb/v7-m/libc.a(lib_a-mallocr.o)
                0x0000000020000a14                __malloc_top_pad
 *(COMMON)
 COMMON         0x0000000020000a18        0x4 HAL_Driver/Src/stm32f1xx_hal.o
                0x0000000020000a18                uwTick
 COMMON         0x0000000020000a1c     0x2018 src/main.o
                0x0000000020000a1c                timer
                0x0000000020000a5c                moves
                0x000000002000299c                encoder
                0x00000000200029c0                message
                0x00000000200029f4                uart
 COMMON         0x0000000020002a34       0x21 /home/kwarc/Downloads/1/plugins/fr.ac6.mcu.externaltools.arm-none.linux64_1.17.0.201812190825/tools/compiler/bin/../lib/gcc/arm-none-eabi/7.3.1/../../../../arm-none-eabi/lib/thumb/v7-m/libc.a(lib_a-lock.o)
                0x0000000020002a34                __lock___atexit_recursive_mutex
                0x0000000020002a38                __lock___arc4random_mutex
                0x0000000020002a3c                __lock___env_recursive_mutex
                0x0000000020002a40                __lock___sinit_recursive_mutex
                0x0000000020002a44                __lock___malloc_recursive_mutex
                0x0000000020002a48                __lock___at_quick_exit_mutex
                0x0000000020002a4c                __lock___dd_hash_mutex
                0x0000000020002a50                __lock___tz_mutex
                0x0000000020002a54                __lock___sfp_recursive_mutex
 *fill*         0x0000000020002a55        0x3 
 COMMON         0x0000000020002a58        0x4 /home/kwarc/Downloads/1/plugins/fr.ac6.mcu.externaltools.arm-none.linux64_1.17.0.201812190825/tools/compiler/bin/../lib/gcc/arm-none-eabi/7.3.1/../../../../arm-none-eabi/lib/thumb/v7-m/libc.a(lib_a-reent.o)
                0x0000000020002a58                errno
                0x0000000020002a5c                . = ALIGN (0x4)
                0x0000000020002a5c                _ebss = .
                0x0000000020002a5c                __bss_end__ = _ebss

._user_heap_stack
                0x0000000020002a5c      0x604 load address 0x00000000080071cc
                0x0000000020002a60                . = ALIGN (0x8)
 *fill*         0x0000000020002a5c        0x4 
                0x0000000020002a60                PROVIDE (end = .)
                [!provide]                        PROVIDE (_end = .)
                0x0000000020002c60                . = (. + _Min_Heap_Size)
 *fill*         0x0000000020002a60      0x200 
                0x0000000020003060                . = (. + _Min_Stack_Size)
 *fill*         0x0000000020002c60      0x400 
                0x0000000020003060                . = ALIGN (0x8)

/DISCARD/
 libc.a(*)
 libm.a(*)
 libgcc.a(*)

.ARM.attributes
                0x0000000000000000       0x29
 *(.ARM.attributes)
 .ARM.attributes
                0x0000000000000000       0x1d /home/kwarc/Downloads/1/plugins/fr.ac6.mcu.externaltools.arm-none.linux64_1.17.0.201812190825/tools/compiler/bin/../lib/gcc/arm-none-eabi/7.3.1/thumb/v7-m/crti.o
 .ARM.attributes
                0x000000000000001d       0x2d /home/kwarc/Downloads/1/plugins/fr.ac6.mcu.externaltools.arm-none.linux64_1.17.0.201812190825/tools/compiler/bin/../lib/gcc/arm-none-eabi/7.3.1/thumb/v7-m/crtbegin.o
 .ARM.attributes
                0x000000000000004a       0x33 HAL_Driver/Src/stm32f1xx_hal.o
 .ARM.attributes
                0x000000000000007d       0x33 HAL_Driver/Src/stm32f1xx_hal_cortex.o
 .ARM.attributes
                0x00000000000000b0       0x33 HAL_Driver/Src/stm32f1xx_hal_gpio.o
 .ARM.attributes
                0x00000000000000e3       0x33 HAL_Driver/Src/stm32f1xx_hal_msp_template.o
 .ARM.attributes
                0x0000000000000116       0x33 HAL_Driver/Src/stm32f1xx_hal_rcc.o
 .ARM.attributes
                0x0000000000000149       0x33 HAL_Driver/Src/stm32f1xx_hal_tim.o
 .ARM.attributes
                0x000000000000017c       0x33 HAL_Driver/Src/stm32f1xx_hal_uart.o
 .ARM.attributes
                0x00000000000001af       0x33 src/main.o
 .ARM.attributes
                0x00000000000001e2       0x33 src/stm32f1xx_it.o
 .ARM.attributes
                0x0000000000000215       0x33 src/syscalls.o
 .ARM.attributes
                0x0000000000000248       0x33 src/system_stm32f1xx.o
 .ARM.attributes
                0x000000000000027b       0x21 startup/startup_stm32f103xb.o
 .ARM.attributes
                0x000000000000029c       0x2d /home/kwarc/Downloads/1/plugins/fr.ac6.mcu.externaltools.arm-none.linux64_1.17.0.201812190825/tools/compiler/bin/../lib/gcc/arm-none-eabi/7.3.1/../../../../arm-none-eabi/lib/thumb/v7-m/libc.a(lib_a-errno.o)
 .ARM.attributes
                0x00000000000002c9       0x2d /home/kwarc/Downloads/1/plugins/fr.ac6.mcu.externaltools.arm-none.linux64_1.17.0.201812190825/tools/compiler/bin/../lib/gcc/arm-none-eabi/7.3.1/../../../../arm-none-eabi/lib/thumb/v7-m/libc.a(lib_a-impure.o)
 .ARM.attributes
                0x00000000000002f6       0x2d /home/kwarc/Downloads/1/plugins/fr.ac6.mcu.externaltools.arm-none.linux64_1.17.0.201812190825/tools/compiler/bin/../lib/gcc/arm-none-eabi/7.3.1/../../../../arm-none-eabi/lib/thumb/v7-m/libc.a(lib_a-init.o)
 .ARM.attributes
                0x0000000000000323       0x2d /home/kwarc/Downloads/1/plugins/fr.ac6.mcu.externaltools.arm-none.linux64_1.17.0.201812190825/tools/compiler/bin/../lib/gcc/arm-none-eabi/7.3.1/../../../../arm-none-eabi/lib/thumb/v7-m/libc.a(lib_a-memset.o)
 .ARM.attributes
                0x0000000000000350       0x2d /home/kwarc/Downloads/1/plugins/fr.ac6.mcu.externaltools.arm-none.linux64_1.17.0.201812190825/tools/compiler/bin/../lib/gcc/arm-none-eabi/7.3.1/../../../../arm-none-eabi/lib/thumb/v7-m/libc.a(lib_a-sprintf.o)
 .ARM.attributes
                0x000000000000037d       0x2d /home/kwarc/Downloads/1/plugins/fr.ac6.mcu.externaltools.arm-none.linux64_1.17.0.201812190825/tools/compiler/bin/../lib/gcc/arm-none-eabi/7.3.1/../../../../arm-none-eabi/lib/thumb/v7-m/libc.a(lib_a-strlen-stub.o)
 .ARM.attributes
                0x00000000000003aa       0x2d /home/kwarc/Downloads/1/plugins/fr.ac6.mcu.externaltools.arm-none.linux64_1.17.0.201812190825/tools/compiler/bin/../lib/gcc/arm-none-eabi/7.3.1/../../../../arm-none-eabi/lib/thumb/v7-m/libc.a(lib_a-svfprintf.o)
 .ARM.attributes
                0x00000000000003d7       0x2d /home/kwarc/Downloads/1/plugins/fr.ac6.mcu.externaltools.arm-none.linux64_1.17.0.201812190825/tools/compiler/bin/../lib/gcc/arm-none-eabi/7.3.1/../../../../arm-none-eabi/lib/thumb/v7-m/libc.a(lib_a-__call_atexit.o)
 .ARM.attributes
                0x0000000000000404       0x2d /home/kwarc/Downloads/1/plugins/fr.ac6.mcu.externaltools.arm-none.linux64_1.17.0.201812190825/tools/compiler/bin/../lib/gcc/arm-none-eabi/7.3.1/../../../../arm-none-eabi/lib/thumb/v7-m/libc.a(lib_a-atexit.o)
 .ARM.attributes
                0x0000000000000431       0x2d /home/kwarc/Downloads/1/plugins/fr.ac6.mcu.externaltools.arm-none.linux64_1.17.0.201812190825/tools/compiler/bin/../lib/gcc/arm-none-eabi/7.3.1/../../../../arm-none-eabi/lib/thumb/v7-m/libc.a(lib_a-dtoa.o)
 .ARM.attributes
                0x000000000000045e       0x2d /home/kwarc/Downloads/1/plugins/fr.ac6.mcu.externaltools.arm-none.linux64_1.17.0.201812190825/tools/compiler/bin/../lib/gcc/arm-none-eabi/7.3.1/../../../../arm-none-eabi/lib/thumb/v7-m/libc.a(lib_a-fini.o)
 .ARM.attributes
                0x000000000000048b       0x2d /home/kwarc/Downloads/1/plugins/fr.ac6.mcu.externaltools.arm-none.linux64_1.17.0.201812190825/tools/compiler/bin/../lib/gcc/arm-none-eabi/7.3.1/../../../../arm-none-eabi/lib/thumb/v7-m/libc.a(lib_a-freer.o)
 .ARM.attributes
                0x00000000000004b8       0x2d /home/kwarc/Downloads/1/plugins/fr.ac6.mcu.externaltools.arm-none.linux64_1.17.0.201812190825/tools/compiler/bin/../lib/gcc/arm-none-eabi/7.3.1/../../../../arm-none-eabi/lib/thumb/v7-m/libc.a(lib_a-localeconv.o)
 .ARM.attributes
                0x00000000000004e5       0x2d /home/kwarc/Downloads/1/plugins/fr.ac6.mcu.externaltools.arm-none.linux64_1.17.0.201812190825/tools/compiler/bin/../lib/gcc/arm-none-eabi/7.3.1/../../../../arm-none-eabi/lib/thumb/v7-m/libc.a(lib_a-lock.o)
 .ARM.attributes
                0x0000000000000512       0x2d /home/kwarc/Downloads/1/plugins/fr.ac6.mcu.externaltools.arm-none.linux64_1.17.0.201812190825/tools/compiler/bin/../lib/gcc/arm-none-eabi/7.3.1/../../../../arm-none-eabi/lib/thumb/v7-m/libc.a(lib_a-mallocr.o)
 .ARM.attributes
                0x000000000000053f       0x2d /home/kwarc/Downloads/1/plugins/fr.ac6.mcu.externaltools.arm-none.linux64_1.17.0.201812190825/tools/compiler/bin/../lib/gcc/arm-none-eabi/7.3.1/../../../../arm-none-eabi/lib/thumb/v7-m/libc.a(lib_a-memchr-stub.o)
 .ARM.attributes
                0x000000000000056c       0x1b /home/kwarc/Downloads/1/plugins/fr.ac6.mcu.externaltools.arm-none.linux64_1.17.0.201812190825/tools/compiler/bin/../lib/gcc/arm-none-eabi/7.3.1/../../../../arm-none-eabi/lib/thumb/v7-m/libc.a(lib_a-memcpy.o)
 .ARM.attributes
                0x0000000000000587       0x2d /home/kwarc/Downloads/1/plugins/fr.ac6.mcu.externaltools.arm-none.linux64_1.17.0.201812190825/tools/compiler/bin/../lib/gcc/arm-none-eabi/7.3.1/../../../../arm-none-eabi/lib/thumb/v7-m/libc.a(lib_a-mlock.o)
 .ARM.attributes
                0x00000000000005b4       0x2d /home/kwarc/Downloads/1/plugins/fr.ac6.mcu.externaltools.arm-none.linux64_1.17.0.201812190825/tools/compiler/bin/../lib/gcc/arm-none-eabi/7.3.1/../../../../arm-none-eabi/lib/thumb/v7-m/libc.a(lib_a-mprec.o)
 .ARM.attributes
                0x00000000000005e1       0x2d /home/kwarc/Downloads/1/plugins/fr.ac6.mcu.externaltools.arm-none.linux64_1.17.0.201812190825/tools/compiler/bin/../lib/gcc/arm-none-eabi/7.3.1/../../../../arm-none-eabi/lib/thumb/v7-m/libc.a(lib_a-s_frexp.o)
 .ARM.attributes
                0x000000000000060e       0x2d /home/kwarc/Downloads/1/plugins/fr.ac6.mcu.externaltools.arm-none.linux64_1.17.0.201812190825/tools/compiler/bin/../lib/gcc/arm-none-eabi/7.3.1/../../../../arm-none-eabi/lib/thumb/v7-m/libc.a(lib_a-sbrkr.o)
 .ARM.attributes
                0x000000000000063b       0x2d /home/kwarc/Downloads/1/plugins/fr.ac6.mcu.externaltools.arm-none.linux64_1.17.0.201812190825/tools/compiler/bin/../lib/gcc/arm-none-eabi/7.3.1/../../../../arm-none-eabi/lib/thumb/v7-m/libc.a(lib_a-strncpy.o)
 .ARM.attributes
                0x0000000000000668       0x2d /home/kwarc/Downloads/1/plugins/fr.ac6.mcu.externaltools.arm-none.linux64_1.17.0.201812190825/tools/compiler/bin/../lib/gcc/arm-none-eabi/7.3.1/../../../../arm-none-eabi/lib/thumb/v7-m/libc.a(lib_a-svfiprintf.o)
 .ARM.attributes
                0x0000000000000695       0x2d /home/kwarc/Downloads/1/plugins/fr.ac6.mcu.externaltools.arm-none.linux64_1.17.0.201812190825/tools/compiler/bin/../lib/gcc/arm-none-eabi/7.3.1/../../../../arm-none-eabi/lib/thumb/v7-m/libc.a(lib_a-__atexit.o)
 .ARM.attributes
                0x00000000000006c2       0x2d /home/kwarc/Downloads/1/plugins/fr.ac6.mcu.externaltools.arm-none.linux64_1.17.0.201812190825/tools/compiler/bin/../lib/gcc/arm-none-eabi/7.3.1/../../../../arm-none-eabi/lib/thumb/v7-m/libc.a(lib_a-callocr.o)
 .ARM.attributes
                0x00000000000006ef       0x2d /home/kwarc/Downloads/1/plugins/fr.ac6.mcu.externaltools.arm-none.linux64_1.17.0.201812190825/tools/compiler/bin/../lib/gcc/arm-none-eabi/7.3.1/../../../../arm-none-eabi/lib/thumb/v7-m/libc.a(lib_a-locale.o)
 .ARM.attributes
                0x000000000000071c       0x2d /home/kwarc/Downloads/1/plugins/fr.ac6.mcu.externaltools.arm-none.linux64_1.17.0.201812190825/tools/compiler/bin/../lib/gcc/arm-none-eabi/7.3.1/../../../../arm-none-eabi/lib/thumb/v7-m/libc.a(lib_a-mbtowc_r.o)
 .ARM.attributes
                0x0000000000000749       0x2d /home/kwarc/Downloads/1/plugins/fr.ac6.mcu.externaltools.arm-none.linux64_1.17.0.201812190825/tools/compiler/bin/../lib/gcc/arm-none-eabi/7.3.1/../../../../arm-none-eabi/lib/thumb/v7-m/libc.a(lib_a-memmove.o)
 .ARM.attributes
                0x0000000000000776       0x2d /home/kwarc/Downloads/1/plugins/fr.ac6.mcu.externaltools.arm-none.linux64_1.17.0.201812190825/tools/compiler/bin/../lib/gcc/arm-none-eabi/7.3.1/../../../../arm-none-eabi/lib/thumb/v7-m/libc.a(lib_a-reallocr.o)
 .ARM.attributes
                0x00000000000007a3       0x2d /home/kwarc/Downloads/1/plugins/fr.ac6.mcu.externaltools.arm-none.linux64_1.17.0.201812190825/tools/compiler/bin/../lib/gcc/arm-none-eabi/7.3.1/../../../../arm-none-eabi/lib/thumb/v7-m/libc.a(lib_a-reent.o)
 .ARM.attributes
                0x00000000000007d0       0x2d /home/kwarc/Downloads/1/plugins/fr.ac6.mcu.externaltools.arm-none.linux64_1.17.0.201812190825/tools/compiler/bin/../lib/gcc/arm-none-eabi/7.3.1/../../../../arm-none-eabi/lib/thumb/v7-m/libc.a(lib_a-wctomb_r.o)
 .ARM.attributes
                0x00000000000007fd       0x2d /home/kwarc/Downloads/1/plugins/fr.ac6.mcu.externaltools.arm-none.linux64_1.17.0.201812190825/tools/compiler/bin/../lib/gcc/arm-none-eabi/7.3.1/../../../../arm-none-eabi/lib/thumb/v7-m/libc.a(lib_a-ctype_.o)
 .ARM.attributes
                0x000000000000082a       0x1d /home/kwarc/Downloads/1/plugins/fr.ac6.mcu.externaltools.arm-none.linux64_1.17.0.201812190825/tools/compiler/bin/../lib/gcc/arm-none-eabi/7.3.1/thumb/v7-m/libgcc.a(_arm_addsubdf3.o)
 .ARM.attributes
                0x0000000000000847       0x1d /home/kwarc/Downloads/1/plugins/fr.ac6.mcu.externaltools.arm-none.linux64_1.17.0.201812190825/tools/compiler/bin/../lib/gcc/arm-none-eabi/7.3.1/thumb/v7-m/libgcc.a(_arm_muldivdf3.o)
 .ARM.attributes
                0x0000000000000864       0x1d /home/kwarc/Downloads/1/plugins/fr.ac6.mcu.externaltools.arm-none.linux64_1.17.0.201812190825/tools/compiler/bin/../lib/gcc/arm-none-eabi/7.3.1/thumb/v7-m/libgcc.a(_arm_cmpdf2.o)
 .ARM.attributes
                0x0000000000000881       0x1d /home/kwarc/Downloads/1/plugins/fr.ac6.mcu.externaltools.arm-none.linux64_1.17.0.201812190825/tools/compiler/bin/../lib/gcc/arm-none-eabi/7.3.1/thumb/v7-m/libgcc.a(_arm_unorddf2.o)
 .ARM.attributes
                0x000000000000089e       0x1d /home/kwarc/Downloads/1/plugins/fr.ac6.mcu.externaltools.arm-none.linux64_1.17.0.201812190825/tools/compiler/bin/../lib/gcc/arm-none-eabi/7.3.1/thumb/v7-m/libgcc.a(_arm_fixdfsi.o)
 .ARM.attributes
                0x00000000000008bb       0x1d /home/kwarc/Downloads/1/plugins/fr.ac6.mcu.externaltools.arm-none.linux64_1.17.0.201812190825/tools/compiler/bin/../lib/gcc/arm-none-eabi/7.3.1/thumb/v7-m/libgcc.a(_aeabi_uldivmod.o)
 .ARM.attributes
                0x00000000000008d8       0x2d /home/kwarc/Downloads/1/plugins/fr.ac6.mcu.externaltools.arm-none.linux64_1.17.0.201812190825/tools/compiler/bin/../lib/gcc/arm-none-eabi/7.3.1/thumb/v7-m/libgcc.a(_udivmoddi4.o)
 .ARM.attributes
                0x0000000000000905       0x1d /home/kwarc/Downloads/1/plugins/fr.ac6.mcu.externaltools.arm-none.linux64_1.17.0.201812190825/tools/compiler/bin/../lib/gcc/arm-none-eabi/7.3.1/thumb/v7-m/libgcc.a(_dvmd_tls.o)
 .ARM.attributes
                0x0000000000000922       0x1d /home/kwarc/Downloads/1/plugins/fr.ac6.mcu.externaltools.arm-none.linux64_1.17.0.201812190825/tools/compiler/bin/../lib/gcc/arm-none-eabi/7.3.1/thumb/v7-m/crtn.o
OUTPUT(Manipulator.elf elf32-littlearm)

.debug_info     0x0000000000000000     0xcc62
 .debug_info    0x0000000000000000      0xf0a HAL_Driver/Src/stm32f1xx_hal.o
 .debug_info    0x0000000000000f0a     0x1358 HAL_Driver/Src/stm32f1xx_hal_cortex.o
 .debug_info    0x0000000000002262      0xebd HAL_Driver/Src/stm32f1xx_hal_gpio.o
 .debug_info    0x000000000000311f      0x9c7 HAL_Driver/Src/stm32f1xx_hal_msp_template.o
 .debug_info    0x0000000000003ae6     0x1039 HAL_Driver/Src/stm32f1xx_hal_rcc.o
 .debug_info    0x0000000000004b1f     0x2a25 HAL_Driver/Src/stm32f1xx_hal_tim.o
 .debug_info    0x0000000000007544     0x19f0 HAL_Driver/Src/stm32f1xx_hal_uart.o
 .debug_info    0x0000000000008f34     0x17f1 src/main.o
 .debug_info    0x000000000000a725      0x994 src/stm32f1xx_it.o
 .debug_info    0x000000000000b0b9      0xf2e src/syscalls.o
 .debug_info    0x000000000000bfe7      0xc59 src/system_stm32f1xx.o
 .debug_info    0x000000000000cc40       0x22 startup/startup_stm32f103xb.o

.debug_abbrev   0x0000000000000000     0x1dc7
 .debug_abbrev  0x0000000000000000      0x2f5 HAL_Driver/Src/stm32f1xx_hal.o
 .debug_abbrev  0x00000000000002f5      0x396 HAL_Driver/Src/stm32f1xx_hal_cortex.o
 .debug_abbrev  0x000000000000068b      0x289 HAL_Driver/Src/stm32f1xx_hal_gpio.o
 .debug_abbrev  0x0000000000000914      0x1cb HAL_Driver/Src/stm32f1xx_hal_msp_template.o
 .debug_abbrev  0x0000000000000adf      0x323 HAL_Driver/Src/stm32f1xx_hal_rcc.o
 .debug_abbrev  0x0000000000000e02      0x2ea HAL_Driver/Src/stm32f1xx_hal_tim.o
 .debug_abbrev  0x00000000000010ec      0x2eb HAL_Driver/Src/stm32f1xx_hal_uart.o
 .debug_abbrev  0x00000000000013d7      0x341 src/main.o
 .debug_abbrev  0x0000000000001718      0x1cb src/stm32f1xx_it.o
 .debug_abbrev  0x00000000000018e3      0x2aa src/syscalls.o
 .debug_abbrev  0x0000000000001b8d      0x228 src/system_stm32f1xx.o
 .debug_abbrev  0x0000000000001db5       0x12 startup/startup_stm32f103xb.o

.debug_aranges  0x0000000000000000      0x9c8
 .debug_aranges
                0x0000000000000000       0xd0 HAL_Driver/Src/stm32f1xx_hal.o
 .debug_aranges
                0x00000000000000d0      0x100 HAL_Driver/Src/stm32f1xx_hal_cortex.o
 .debug_aranges
                0x00000000000001d0       0x58 HAL_Driver/Src/stm32f1xx_hal_gpio.o
 .debug_aranges
                0x0000000000000228       0x38 HAL_Driver/Src/stm32f1xx_hal_msp_template.o
 .debug_aranges
                0x0000000000000260       0x90 HAL_Driver/Src/stm32f1xx_hal_rcc.o
 .debug_aranges
                0x00000000000002f0      0x368 HAL_Driver/Src/stm32f1xx_hal_tim.o
 .debug_aranges
                0x0000000000000658      0x1d0 HAL_Driver/Src/stm32f1xx_hal_uart.o
 .debug_aranges
                0x0000000000000828       0x80 src/main.o
 .debug_aranges
                0x00000000000008a8       0x20 src/stm32f1xx_it.o
 .debug_aranges
                0x00000000000008c8       0xb0 src/syscalls.o
 .debug_aranges
                0x0000000000000978       0x28 src/system_stm32f1xx.o
 .debug_aranges
                0x00000000000009a0       0x28 startup/startup_stm32f103xb.o

.debug_ranges   0x0000000000000000      0x910
 .debug_ranges  0x0000000000000000       0xc0 HAL_Driver/Src/stm32f1xx_hal.o
 .debug_ranges  0x00000000000000c0       0xf0 HAL_Driver/Src/stm32f1xx_hal_cortex.o
 .debug_ranges  0x00000000000001b0       0x48 HAL_Driver/Src/stm32f1xx_hal_gpio.o
 .debug_ranges  0x00000000000001f8       0x28 HAL_Driver/Src/stm32f1xx_hal_msp_template.o
 .debug_ranges  0x0000000000000220       0x80 HAL_Driver/Src/stm32f1xx_hal_rcc.o
 .debug_ranges  0x00000000000002a0      0x358 HAL_Driver/Src/stm32f1xx_hal_tim.o
 .debug_ranges  0x00000000000005f8      0x1c0 HAL_Driver/Src/stm32f1xx_hal_uart.o
 .debug_ranges  0x00000000000007b8       0x70 src/main.o
 .debug_ranges  0x0000000000000828       0x10 src/stm32f1xx_it.o
 .debug_ranges  0x0000000000000838       0xa0 src/syscalls.o
 .debug_ranges  0x00000000000008d8       0x18 src/system_stm32f1xx.o
 .debug_ranges  0x00000000000008f0       0x20 startup/startup_stm32f103xb.o

.debug_macro    0x0000000000000000    0x18271
 .debug_macro   0x0000000000000000      0x426 HAL_Driver/Src/stm32f1xx_hal.o
 .debug_macro   0x0000000000000426      0xa72 HAL_Driver/Src/stm32f1xx_hal.o
 .debug_macro   0x0000000000000e98      0x224 HAL_Driver/Src/stm32f1xx_hal.o
 .debug_macro   0x00000000000010bc       0x28 HAL_Driver/Src/stm32f1xx_hal.o
 .debug_macro   0x00000000000010e4       0x22 HAL_Driver/Src/stm32f1xx_hal.o
 .debug_macro   0x0000000000001106       0x22 HAL_Driver/Src/stm32f1xx_hal.o
 .debug_macro   0x0000000000001128       0x8e HAL_Driver/Src/stm32f1xx_hal.o
 .debug_macro   0x00000000000011b6       0x51 HAL_Driver/Src/stm32f1xx_hal.o
 .debug_macro   0x0000000000001207       0xef HAL_Driver/Src/stm32f1xx_hal.o
 .debug_macro   0x00000000000012f6       0x6a HAL_Driver/Src/stm32f1xx_hal.o
 .debug_macro   0x0000000000001360      0x1df HAL_Driver/Src/stm32f1xx_hal.o
 .debug_macro   0x000000000000153f       0x34 HAL_Driver/Src/stm32f1xx_hal.o
 .debug_macro   0x0000000000001573       0x34 HAL_Driver/Src/stm32f1xx_hal.o
 .debug_macro   0x00000000000015a7      0xb8e HAL_Driver/Src/stm32f1xx_hal.o
 .debug_macro   0x0000000000002135     0xe911 HAL_Driver/Src/stm32f1xx_hal.o
 .debug_macro   0x0000000000010a46       0x43 HAL_Driver/Src/stm32f1xx_hal.o
 .debug_macro   0x0000000000010a89       0x5e HAL_Driver/Src/stm32f1xx_hal.o
 .debug_macro   0x0000000000010ae7       0x18 HAL_Driver/Src/stm32f1xx_hal.o
 .debug_macro   0x0000000000010aff       0x35 HAL_Driver/Src/stm32f1xx_hal.o
 .debug_macro   0x0000000000010b34       0x34 HAL_Driver/Src/stm32f1xx_hal.o
 .debug_macro   0x0000000000010b68       0x16 HAL_Driver/Src/stm32f1xx_hal.o
 .debug_macro   0x0000000000010b7e       0x97 HAL_Driver/Src/stm32f1xx_hal.o
 .debug_macro   0x0000000000010c15      0x330 HAL_Driver/Src/stm32f1xx_hal.o
 .debug_macro   0x0000000000010f45       0xfd HAL_Driver/Src/stm32f1xx_hal.o
 .debug_macro   0x0000000000011042       0x10 HAL_Driver/Src/stm32f1xx_hal.o
 .debug_macro   0x0000000000011052       0x58 HAL_Driver/Src/stm32f1xx_hal.o
 .debug_macro   0x00000000000110aa       0x1f HAL_Driver/Src/stm32f1xx_hal.o
 .debug_macro   0x00000000000110c9       0x43 HAL_Driver/Src/stm32f1xx_hal.o
 .debug_macro   0x000000000001110c       0x20 HAL_Driver/Src/stm32f1xx_hal.o
 .debug_macro   0x000000000001112c      0x18e HAL_Driver/Src/stm32f1xx_hal.o
 .debug_macro   0x00000000000112ba       0x10 HAL_Driver/Src/stm32f1xx_hal.o
 .debug_macro   0x00000000000112ca       0x1c HAL_Driver/Src/stm32f1xx_hal.o
 .debug_macro   0x00000000000112e6       0x52 HAL_Driver/Src/stm32f1xx_hal.o
 .debug_macro   0x0000000000011338       0x40 HAL_Driver/Src/stm32f1xx_hal.o
 .debug_macro   0x0000000000011378       0x10 HAL_Driver/Src/stm32f1xx_hal.o
 .debug_macro   0x0000000000011388       0x40 HAL_Driver/Src/stm32f1xx_hal.o
 .debug_macro   0x00000000000113c8       0xd7 HAL_Driver/Src/stm32f1xx_hal.o
 .debug_macro   0x000000000001149f       0x1c HAL_Driver/Src/stm32f1xx_hal.o
 .debug_macro   0x00000000000114bb       0x3d HAL_Driver/Src/stm32f1xx_hal.o
 .debug_macro   0x00000000000114f8       0x16 HAL_Driver/Src/stm32f1xx_hal.o
 .debug_macro   0x000000000001150e      0x16f HAL_Driver/Src/stm32f1xx_hal.o
 .debug_macro   0x000000000001167d       0x57 HAL_Driver/Src/stm32f1xx_hal.o
 .debug_macro   0x00000000000116d4      0x5c2 HAL_Driver/Src/stm32f1xx_hal.o
 .debug_macro   0x0000000000011c96      0x28a HAL_Driver/Src/stm32f1xx_hal.o
 .debug_macro   0x0000000000011f20      0x1cb HAL_Driver/Src/stm32f1xx_hal.o
 .debug_macro   0x00000000000120eb      0x11e HAL_Driver/Src/stm32f1xx_hal.o
 .debug_macro   0x0000000000012209      0x1b3 HAL_Driver/Src/stm32f1xx_hal.o
 .debug_macro   0x00000000000123bc       0x27 HAL_Driver/Src/stm32f1xx_hal.o
 .debug_macro   0x00000000000123e3      0x1bc HAL_Driver/Src/stm32f1xx_hal.o
 .debug_macro   0x000000000001259f       0x34 HAL_Driver/Src/stm32f1xx_hal.o
 .debug_macro   0x00000000000125d3       0x3c HAL_Driver/Src/stm32f1xx_hal.o
 .debug_macro   0x000000000001260f      0x408 HAL_Driver/Src/stm32f1xx_hal.o
 .debug_macro   0x0000000000012a17       0x57 HAL_Driver/Src/stm32f1xx_hal.o
 .debug_macro   0x0000000000012a6e      0x46a HAL_Driver/Src/stm32f1xx_hal.o
 .debug_macro   0x0000000000012ed8      0x1b5 HAL_Driver/Src/stm32f1xx_hal.o
 .debug_macro   0x000000000001308d       0x22 HAL_Driver/Src/stm32f1xx_hal.o
 .debug_macro   0x00000000000130af       0x8c HAL_Driver/Src/stm32f1xx_hal.o
 .debug_macro   0x000000000001313b      0x242 HAL_Driver/Src/stm32f1xx_hal.o
 .debug_macro   0x000000000001337d      0x264 HAL_Driver/Src/stm32f1xx_hal.o
 .debug_macro   0x00000000000135e1       0x79 HAL_Driver/Src/stm32f1xx_hal.o
 .debug_macro   0x000000000001365a      0x143 HAL_Driver/Src/stm32f1xx_hal.o
 .debug_macro   0x000000000001379d      0x1ef HAL_Driver/Src/stm32f1xx_hal.o
 .debug_macro   0x000000000001398c       0xf2 HAL_Driver/Src/stm32f1xx_hal.o
 .debug_macro   0x0000000000013a7e      0x1f4 HAL_Driver/Src/stm32f1xx_hal.o
 .debug_macro   0x0000000000013c72      0x853 HAL_Driver/Src/stm32f1xx_hal.o
 .debug_macro   0x00000000000144c5       0x1f HAL_Driver/Src/stm32f1xx_hal.o
 .debug_macro   0x00000000000144e4      0x26b HAL_Driver/Src/stm32f1xx_hal.o
 .debug_macro   0x000000000001474f      0x217 HAL_Driver/Src/stm32f1xx_hal.o
 .debug_macro   0x0000000000014966      0x1a7 HAL_Driver/Src/stm32f1xx_hal.o
 .debug_macro   0x0000000000014b0d      0x2cd HAL_Driver/Src/stm32f1xx_hal.o
 .debug_macro   0x0000000000014dda       0x89 HAL_Driver/Src/stm32f1xx_hal.o
 .debug_macro   0x0000000000014e63       0x50 HAL_Driver/Src/stm32f1xx_hal.o
 .debug_macro   0x0000000000014eb3      0x26c HAL_Driver/Src/stm32f1xx_hal.o
 .debug_macro   0x000000000001511f       0x83 HAL_Driver/Src/stm32f1xx_hal.o
 .debug_macro   0x00000000000151a2      0x402 HAL_Driver/Src/stm32f1xx_hal_cortex.o
 .debug_macro   0x00000000000155a4      0x472 HAL_Driver/Src/stm32f1xx_hal_gpio.o
 .debug_macro   0x0000000000015a16      0x402 HAL_Driver/Src/stm32f1xx_hal_msp_template.o
 .debug_macro   0x0000000000015e18      0x414 HAL_Driver/Src/stm32f1xx_hal_rcc.o
 .debug_macro   0x000000000001622c      0x402 HAL_Driver/Src/stm32f1xx_hal_tim.o
 .debug_macro   0x000000000001662e      0x403 HAL_Driver/Src/stm32f1xx_hal_uart.o
 .debug_macro   0x0000000000016a31      0x46d src/main.o
 .debug_macro   0x0000000000016e9e       0x58 src/main.o
 .debug_macro   0x0000000000016ef6       0x94 src/main.o
 .debug_macro   0x0000000000016f8a      0x174 src/main.o
 .debug_macro   0x00000000000170fe       0x57 src/main.o
 .debug_macro   0x0000000000017155       0x10 src/main.o
 .debug_macro   0x0000000000017165       0x35 src/main.o
 .debug_macro   0x000000000001719a       0x1c src/main.o
 .debug_macro   0x00000000000171b6       0x16 src/main.o
 .debug_macro   0x00000000000171cc       0x16 src/main.o
 .debug_macro   0x00000000000171e2       0x29 src/main.o
 .debug_macro   0x000000000001720b      0x40c src/stm32f1xx_it.o
 .debug_macro   0x0000000000017617      0x243 src/syscalls.o
 .debug_macro   0x000000000001785a       0x10 src/syscalls.o
 .debug_macro   0x000000000001786a       0x10 src/syscalls.o
 .debug_macro   0x000000000001787a       0x10 src/syscalls.o
 .debug_macro   0x000000000001788a       0x35 src/syscalls.o
 .debug_macro   0x00000000000178bf      0x122 src/syscalls.o
 .debug_macro   0x00000000000179e1       0x10 src/syscalls.o
 .debug_macro   0x00000000000179f1      0x241 src/syscalls.o
 .debug_macro   0x0000000000017c32       0x10 src/syscalls.o
 .debug_macro   0x0000000000017c42      0x189 src/syscalls.o
 .debug_macro   0x0000000000017dcb       0x16 src/syscalls.o
 .debug_macro   0x0000000000017de1       0x88 src/syscalls.o
 .debug_macro   0x0000000000017e69      0x408 src/system_stm32f1xx.o

.debug_line     0x0000000000000000     0x8542
 .debug_line    0x0000000000000000      0xacf HAL_Driver/Src/stm32f1xx_hal.o
 .debug_line    0x0000000000000acf      0xbbd HAL_Driver/Src/stm32f1xx_hal_cortex.o
 .debug_line    0x000000000000168c      0xb07 HAL_Driver/Src/stm32f1xx_hal_gpio.o
 .debug_line    0x0000000000002193      0x961 HAL_Driver/Src/stm32f1xx_hal_msp_template.o
 .debug_line    0x0000000000002af4      0xbb9 HAL_Driver/Src/stm32f1xx_hal_rcc.o
 .debug_line    0x00000000000036ad     0x1899 HAL_Driver/Src/stm32f1xx_hal_tim.o
 .debug_line    0x0000000000004f46     0x11e0 HAL_Driver/Src/stm32f1xx_hal_uart.o
 .debug_line    0x0000000000006126      0xb0b src/main.o
 .debug_line    0x0000000000006c31      0x952 src/stm32f1xx_it.o
 .debug_line    0x0000000000007583      0x5eb src/syscalls.o
 .debug_line    0x0000000000007b6e      0x957 src/system_stm32f1xx.o
 .debug_line    0x00000000000084c5       0x7d startup/startup_stm32f103xb.o

.debug_str      0x0000000000000000    0x846c3
 .debug_str     0x0000000000000000    0x8107d HAL_Driver/Src/stm32f1xx_hal.o
                                      0x8141e (size before relaxing)
 .debug_str     0x000000000008107d      0x314 HAL_Driver/Src/stm32f1xx_hal_cortex.o
                                      0x81432 (size before relaxing)
 .debug_str     0x0000000000081391      0x39e HAL_Driver/Src/stm32f1xx_hal_gpio.o
                                      0x81179 (size before relaxing)
 .debug_str     0x000000000008172f       0x51 HAL_Driver/Src/stm32f1xx_hal_msp_template.o
                                      0x80d95 (size before relaxing)
 .debug_str     0x0000000000081780      0x356 HAL_Driver/Src/stm32f1xx_hal_rcc.o
                                      0x811a7 (size before relaxing)
 .debug_str     0x0000000000081ad6     0x1086 HAL_Driver/Src/stm32f1xx_hal_tim.o
                                      0x81e79 (size before relaxing)
 .debug_str     0x0000000000082b5c      0x6c4 HAL_Driver/Src/stm32f1xx_hal_uart.o
                                      0x81681 (size before relaxing)
 .debug_str     0x0000000000083220      0x2d2 src/main.o
                                      0x81991 (size before relaxing)
 .debug_str     0x00000000000834f2       0x38 src/stm32f1xx_it.o
                                      0x80d62 (size before relaxing)
 .debug_str     0x000000000008352a     0x1109 src/syscalls.o
                                       0x8579 (size before relaxing)
 .debug_str     0x0000000000084633       0x61 src/system_stm32f1xx.o
                                      0x80e2e (size before relaxing)
 .debug_str     0x0000000000084694       0x2f startup/startup_stm32f103xb.o
                                         0x5b (size before relaxing)

.comment        0x0000000000000000       0x7f
 .comment       0x0000000000000000       0x7f HAL_Driver/Src/stm32f1xx_hal.o
                                         0x80 (size before relaxing)
 .comment       0x000000000000007f       0x80 HAL_Driver/Src/stm32f1xx_hal_cortex.o
 .comment       0x000000000000007f       0x80 HAL_Driver/Src/stm32f1xx_hal_gpio.o
 .comment       0x000000000000007f       0x80 HAL_Driver/Src/stm32f1xx_hal_msp_template.o
 .comment       0x000000000000007f       0x80 HAL_Driver/Src/stm32f1xx_hal_rcc.o
 .comment       0x000000000000007f       0x80 HAL_Driver/Src/stm32f1xx_hal_tim.o
 .comment       0x000000000000007f       0x80 HAL_Driver/Src/stm32f1xx_hal_uart.o
 .comment       0x000000000000007f       0x80 src/main.o
 .comment       0x000000000000007f       0x80 src/stm32f1xx_it.o
 .comment       0x000000000000007f       0x80 src/syscalls.o
 .comment       0x000000000000007f       0x80 src/system_stm32f1xx.o

.debug_frame    0x0000000000000000     0x34e0
 .debug_frame   0x0000000000000000      0x2fc HAL_Driver/Src/stm32f1xx_hal.o
 .debug_frame   0x00000000000002fc      0x428 HAL_Driver/Src/stm32f1xx_hal_cortex.o
 .debug_frame   0x0000000000000724      0x14c HAL_Driver/Src/stm32f1xx_hal_gpio.o
 .debug_frame   0x0000000000000870       0x90 HAL_Driver/Src/stm32f1xx_hal_msp_template.o
 .debug_frame   0x0000000000000900      0x21c HAL_Driver/Src/stm32f1xx_hal_rcc.o
 .debug_frame   0x0000000000000b1c      0xfb4 HAL_Driver/Src/stm32f1xx_hal_tim.o
 .debug_frame   0x0000000000001ad0      0x83c HAL_Driver/Src/stm32f1xx_hal_uart.o
 .debug_frame   0x000000000000230c      0x1a8 src/main.o
 .debug_frame   0x00000000000024b4       0x2c src/stm32f1xx_it.o
 .debug_frame   0x00000000000024e0      0x2d0 src/syscalls.o
 .debug_frame   0x00000000000027b0       0x58 src/system_stm32f1xx.o
 .debug_frame   0x0000000000002808       0x20 /home/kwarc/Downloads/1/plugins/fr.ac6.mcu.externaltools.arm-none.linux64_1.17.0.201812190825/tools/compiler/bin/../lib/gcc/arm-none-eabi/7.3.1/../../../../arm-none-eabi/lib/thumb/v7-m/libc.a(lib_a-errno.o)
 .debug_frame   0x0000000000002828       0x2c /home/kwarc/Downloads/1/plugins/fr.ac6.mcu.externaltools.arm-none.linux64_1.17.0.201812190825/tools/compiler/bin/../lib/gcc/arm-none-eabi/7.3.1/../../../../arm-none-eabi/lib/thumb/v7-m/libc.a(lib_a-init.o)
 .debug_frame   0x0000000000002854       0x38 /home/kwarc/Downloads/1/plugins/fr.ac6.mcu.externaltools.arm-none.linux64_1.17.0.201812190825/tools/compiler/bin/../lib/gcc/arm-none-eabi/7.3.1/../../../../arm-none-eabi/lib/thumb/v7-m/libc.a(lib_a-memset.o)
 .debug_frame   0x000000000000288c       0x80 /home/kwarc/Downloads/1/plugins/fr.ac6.mcu.externaltools.arm-none.linux64_1.17.0.201812190825/tools/compiler/bin/../lib/gcc/arm-none-eabi/7.3.1/../../../../arm-none-eabi/lib/thumb/v7-m/libc.a(lib_a-sprintf.o)
 .debug_frame   0x000000000000290c       0x20 /home/kwarc/Downloads/1/plugins/fr.ac6.mcu.externaltools.arm-none.linux64_1.17.0.201812190825/tools/compiler/bin/../lib/gcc/arm-none-eabi/7.3.1/../../../../arm-none-eabi/lib/thumb/v7-m/libc.a(lib_a-strlen-stub.o)
 .debug_frame   0x000000000000292c       0x40 /home/kwarc/Downloads/1/plugins/fr.ac6.mcu.externaltools.arm-none.linux64_1.17.0.201812190825/tools/compiler/bin/../lib/gcc/arm-none-eabi/7.3.1/../../../../arm-none-eabi/lib/thumb/v7-m/libc.a(lib_a-svfprintf.o)
 .debug_frame   0x000000000000296c       0x5c /home/kwarc/Downloads/1/plugins/fr.ac6.mcu.externaltools.arm-none.linux64_1.17.0.201812190825/tools/compiler/bin/../lib/gcc/arm-none-eabi/7.3.1/../../../../arm-none-eabi/lib/thumb/v7-m/libc.a(lib_a-__call_atexit.o)
 .debug_frame   0x00000000000029c8       0x20 /home/kwarc/Downloads/1/plugins/fr.ac6.mcu.externaltools.arm-none.linux64_1.17.0.201812190825/tools/compiler/bin/../lib/gcc/arm-none-eabi/7.3.1/../../../../arm-none-eabi/lib/thumb/v7-m/libc.a(lib_a-atexit.o)
 .debug_frame   0x00000000000029e8       0x88 /home/kwarc/Downloads/1/plugins/fr.ac6.mcu.externaltools.arm-none.linux64_1.17.0.201812190825/tools/compiler/bin/../lib/gcc/arm-none-eabi/7.3.1/../../../../arm-none-eabi/lib/thumb/v7-m/libc.a(lib_a-dtoa.o)
 .debug_frame   0x0000000000002a70       0x34 /home/kwarc/Downloads/1/plugins/fr.ac6.mcu.externaltools.arm-none.linux64_1.17.0.201812190825/tools/compiler/bin/../lib/gcc/arm-none-eabi/7.3.1/../../../../arm-none-eabi/lib/thumb/v7-m/libc.a(lib_a-fini.o)
 .debug_frame   0x0000000000002aa4       0x80 /home/kwarc/Downloads/1/plugins/fr.ac6.mcu.externaltools.arm-none.linux64_1.17.0.201812190825/tools/compiler/bin/../lib/gcc/arm-none-eabi/7.3.1/../../../../arm-none-eabi/lib/thumb/v7-m/libc.a(lib_a-freer.o)
 .debug_frame   0x0000000000002b24       0x40 /home/kwarc/Downloads/1/plugins/fr.ac6.mcu.externaltools.arm-none.linux64_1.17.0.201812190825/tools/compiler/bin/../lib/gcc/arm-none-eabi/7.3.1/../../../../arm-none-eabi/lib/thumb/v7-m/libc.a(lib_a-localeconv.o)
 .debug_frame   0x0000000000002b64       0xb0 /home/kwarc/Downloads/1/plugins/fr.ac6.mcu.externaltools.arm-none.linux64_1.17.0.201812190825/tools/compiler/bin/../lib/gcc/arm-none-eabi/7.3.1/../../../../arm-none-eabi/lib/thumb/v7-m/libc.a(lib_a-lock.o)
 .debug_frame   0x0000000000002c14       0x4c /home/kwarc/Downloads/1/plugins/fr.ac6.mcu.externaltools.arm-none.linux64_1.17.0.201812190825/tools/compiler/bin/../lib/gcc/arm-none-eabi/7.3.1/../../../../arm-none-eabi/lib/thumb/v7-m/libc.a(lib_a-mallocr.o)
 .debug_frame   0x0000000000002c60       0x34 /home/kwarc/Downloads/1/plugins/fr.ac6.mcu.externaltools.arm-none.linux64_1.17.0.201812190825/tools/compiler/bin/../lib/gcc/arm-none-eabi/7.3.1/../../../../arm-none-eabi/lib/thumb/v7-m/libc.a(lib_a-memchr-stub.o)
 .debug_frame   0x0000000000002c94       0x30 /home/kwarc/Downloads/1/plugins/fr.ac6.mcu.externaltools.arm-none.linux64_1.17.0.201812190825/tools/compiler/bin/../lib/gcc/arm-none-eabi/7.3.1/../../../../arm-none-eabi/lib/thumb/v7-m/libc.a(lib_a-mlock.o)
 .debug_frame   0x0000000000002cc4      0x264 /home/kwarc/Downloads/1/plugins/fr.ac6.mcu.externaltools.arm-none.linux64_1.17.0.201812190825/tools/compiler/bin/../lib/gcc/arm-none-eabi/7.3.1/../../../../arm-none-eabi/lib/thumb/v7-m/libc.a(lib_a-mprec.o)
 .debug_frame   0x0000000000002f28       0x30 /home/kwarc/Downloads/1/plugins/fr.ac6.mcu.externaltools.arm-none.linux64_1.17.0.201812190825/tools/compiler/bin/../lib/gcc/arm-none-eabi/7.3.1/../../../../arm-none-eabi/lib/thumb/v7-m/libc.a(lib_a-s_frexp.o)
 .debug_frame   0x0000000000002f58       0x2c /home/kwarc/Downloads/1/plugins/fr.ac6.mcu.externaltools.arm-none.linux64_1.17.0.201812190825/tools/compiler/bin/../lib/gcc/arm-none-eabi/7.3.1/../../../../arm-none-eabi/lib/thumb/v7-m/libc.a(lib_a-sbrkr.o)
 .debug_frame   0x0000000000002f84       0x34 /home/kwarc/Downloads/1/plugins/fr.ac6.mcu.externaltools.arm-none.linux64_1.17.0.201812190825/tools/compiler/bin/../lib/gcc/arm-none-eabi/7.3.1/../../../../arm-none-eabi/lib/thumb/v7-m/libc.a(lib_a-strncpy.o)
 .debug_frame   0x0000000000002fb8       0x74 /home/kwarc/Downloads/1/plugins/fr.ac6.mcu.externaltools.arm-none.linux64_1.17.0.201812190825/tools/compiler/bin/../lib/gcc/arm-none-eabi/7.3.1/../../../../arm-none-eabi/lib/thumb/v7-m/libc.a(lib_a-svfiprintf.o)
 .debug_frame   0x000000000000302c       0x34 /home/kwarc/Downloads/1/plugins/fr.ac6.mcu.externaltools.arm-none.linux64_1.17.0.201812190825/tools/compiler/bin/../lib/gcc/arm-none-eabi/7.3.1/../../../../arm-none-eabi/lib/thumb/v7-m/libc.a(lib_a-__atexit.o)
 .debug_frame   0x0000000000003060       0x28 /home/kwarc/Downloads/1/plugins/fr.ac6.mcu.externaltools.arm-none.linux64_1.17.0.201812190825/tools/compiler/bin/../lib/gcc/arm-none-eabi/7.3.1/../../../../arm-none-eabi/lib/thumb/v7-m/libc.a(lib_a-callocr.o)
 .debug_frame   0x0000000000003088       0x6c /home/kwarc/Downloads/1/plugins/fr.ac6.mcu.externaltools.arm-none.linux64_1.17.0.201812190825/tools/compiler/bin/../lib/gcc/arm-none-eabi/7.3.1/../../../../arm-none-eabi/lib/thumb/v7-m/libc.a(lib_a-locale.o)
 .debug_frame   0x00000000000030f4       0x4c /home/kwarc/Downloads/1/plugins/fr.ac6.mcu.externaltools.arm-none.linux64_1.17.0.201812190825/tools/compiler/bin/../lib/gcc/arm-none-eabi/7.3.1/../../../../arm-none-eabi/lib/thumb/v7-m/libc.a(lib_a-mbtowc_r.o)
 .debug_frame   0x0000000000003140       0x40 /home/kwarc/Downloads/1/plugins/fr.ac6.mcu.externaltools.arm-none.linux64_1.17.0.201812190825/tools/compiler/bin/../lib/gcc/arm-none-eabi/7.3.1/../../../../arm-none-eabi/lib/thumb/v7-m/libc.a(lib_a-memmove.o)
 .debug_frame   0x0000000000003180       0x58 /home/kwarc/Downloads/1/plugins/fr.ac6.mcu.externaltools.arm-none.linux64_1.17.0.201812190825/tools/compiler/bin/../lib/gcc/arm-none-eabi/7.3.1/../../../../arm-none-eabi/lib/thumb/v7-m/libc.a(lib_a-reallocr.o)
 .debug_frame   0x00000000000031d8       0x68 /home/kwarc/Downloads/1/plugins/fr.ac6.mcu.externaltools.arm-none.linux64_1.17.0.201812190825/tools/compiler/bin/../lib/gcc/arm-none-eabi/7.3.1/../../../../arm-none-eabi/lib/thumb/v7-m/libc.a(lib_a-reent.o)
 .debug_frame   0x0000000000003240       0x3c /home/kwarc/Downloads/1/plugins/fr.ac6.mcu.externaltools.arm-none.linux64_1.17.0.201812190825/tools/compiler/bin/../lib/gcc/arm-none-eabi/7.3.1/../../../../arm-none-eabi/lib/thumb/v7-m/libc.a(lib_a-wctomb_r.o)
 .debug_frame   0x000000000000327c       0xac /home/kwarc/Downloads/1/plugins/fr.ac6.mcu.externaltools.arm-none.linux64_1.17.0.201812190825/tools/compiler/bin/../lib/gcc/arm-none-eabi/7.3.1/thumb/v7-m/libgcc.a(_arm_addsubdf3.o)
 .debug_frame   0x0000000000003328       0x50 /home/kwarc/Downloads/1/plugins/fr.ac6.mcu.externaltools.arm-none.linux64_1.17.0.201812190825/tools/compiler/bin/../lib/gcc/arm-none-eabi/7.3.1/thumb/v7-m/libgcc.a(_arm_muldivdf3.o)
 .debug_frame   0x0000000000003378       0xc4 /home/kwarc/Downloads/1/plugins/fr.ac6.mcu.externaltools.arm-none.linux64_1.17.0.201812190825/tools/compiler/bin/../lib/gcc/arm-none-eabi/7.3.1/thumb/v7-m/libgcc.a(_arm_cmpdf2.o)
 .debug_frame   0x000000000000343c       0x20 /home/kwarc/Downloads/1/plugins/fr.ac6.mcu.externaltools.arm-none.linux64_1.17.0.201812190825/tools/compiler/bin/../lib/gcc/arm-none-eabi/7.3.1/thumb/v7-m/libgcc.a(_arm_unorddf2.o)
 .debug_frame   0x000000000000345c       0x24 /home/kwarc/Downloads/1/plugins/fr.ac6.mcu.externaltools.arm-none.linux64_1.17.0.201812190825/tools/compiler/bin/../lib/gcc/arm-none-eabi/7.3.1/thumb/v7-m/libgcc.a(_arm_fixdfsi.o)
 .debug_frame   0x0000000000003480       0x2c /home/kwarc/Downloads/1/plugins/fr.ac6.mcu.externaltools.arm-none.linux64_1.17.0.201812190825/tools/compiler/bin/../lib/gcc/arm-none-eabi/7.3.1/thumb/v7-m/libgcc.a(_aeabi_uldivmod.o)
 .debug_frame   0x00000000000034ac       0x34 /home/kwarc/Downloads/1/plugins/fr.ac6.mcu.externaltools.arm-none.linux64_1.17.0.201812190825/tools/compiler/bin/../lib/gcc/arm-none-eabi/7.3.1/thumb/v7-m/libgcc.a(_udivmoddi4.o)
